******************************************************************************
                  MSP430 Linker PC v15.12.3                    
******************************************************************************
>> Linked Sat Apr 29 22:15:43 2017

OUTPUT FILE NAME:   <LILLEPOTT.out>
ENTRY POINT SYMBOL: "_c_int00_noargs_noexit"  address: 0000ceae


MEMORY CONFIGURATION

         name            origin    length      used     unused   attr    fill
----------------------  --------  ---------  --------  --------  ----  --------
  SFR                   00000000   00000010  00000000  00000010  RWIX
  PERIPHERALS_8BIT      00000010   000000f0  00000000  000000f0  RWIX
  PERIPHERALS_16BIT     00000100   00000100  00000000  00000100  RWIX
  RAM                   00000200   00000200  00000153  000000ad  RWIX
  INFOD                 00001000   00000040  00000000  00000040  RWIX
  INFOC                 00001040   00000040  00000000  00000040  RWIX
  INFOB                 00001080   00000040  00000000  00000040  RWIX
  INFOA                 000010c0   00000040  00000000  00000040  RWIX
  FLASH                 0000c000   00003fde  00001110  00002ece  RWIX
  BSLSIGNATURE          0000ffde   00000002  00000002  00000000  RWIX  ffff 
  INT00                 0000ffe0   00000002  00000002  00000000  RWIX
  INT01                 0000ffe2   00000002  00000000  00000002  RWIX
  INT02                 0000ffe4   00000002  00000002  00000000  RWIX
  INT03                 0000ffe6   00000002  00000002  00000000  RWIX
  INT04                 0000ffe8   00000002  00000000  00000002  RWIX
  INT05                 0000ffea   00000002  00000002  00000000  RWIX
  INT06                 0000ffec   00000002  00000002  00000000  RWIX
  INT07                 0000ffee   00000002  00000002  00000000  RWIX
  INT08                 0000fff0   00000002  00000002  00000000  RWIX
  INT09                 0000fff2   00000002  00000002  00000000  RWIX
  INT10                 0000fff4   00000002  00000002  00000000  RWIX
  INT11                 0000fff6   00000002  00000002  00000000  RWIX
  INT12                 0000fff8   00000002  00000002  00000000  RWIX
  INT13                 0000fffa   00000002  00000002  00000000  RWIX
  INT14                 0000fffc   00000002  00000002  00000000  RWIX
  RESET                 0000fffe   00000002  00000002  00000000  RWIX


SECTION ALLOCATION MAP

 output                                  attributes/
section   page    origin      length       input sections
--------  ----  ----------  ----------   ----------------
.bss       0    00000200    000000da     UNINITIALIZED
                  00000200    00000040     (.common:RxPacket)
                  00000240    00000040     (.common:TxPacket)
                  00000280    00000020     (.common:uart_rcv_buf)
                  000002a0    00000018     (.common:esimene)
                  000002b8    00000008     ADCMGR.obj (.bss:buf)
                  000002c0    00000008     (.common:time)
                  000002c8    00000006     ADCMGR.obj (.bss:cmdQueue)
                  000002ce    00000004     ADCMGR.obj (.bss:cmdData)
                  000002d2    00000004     application.obj (.bss:parsed)
                  000002d6    00000001     (.common:cntr)
                  000002d7    00000001     (.common:dummy)
                  000002d8    00000001     (.common:error)
                  000002d9    00000001     (.common:uart_buf_size)

.data      0    000002da    00000029     UNINITIALIZED
                  000002da    00000010     ADCMGR.obj (.data)
                  000002ea    0000000e     application.obj (.data)
                  000002f8    00000008     watchdog.obj (.data)
                  00000300    00000002     ADC.obj (.data)
                  00000302    00000001     radio.obj (.data)

.stack     0    000003b0    00000050     UNINITIALIZED
                  000003b0    00000002     rts430_eabi.lib : boot.obj (.stack)
                  000003b2    0000004e     --HOLE--

.text      0    0000c000    00001018     
                  0000c000    000002a8     application.obj (.text:APP_cyclic)
                  0000c2a8    0000022e     radio.obj (.text:Radio_Init)
                  0000c4d6    000000c6     radio.obj (.text:Radio_Rx)
                  0000c59c    000000c2     ADCMGR.obj (.text:ADCMGR_cyclic)
                  0000c65e    000000b2     radio.obj (.text:Radio_Tx)
                  0000c710    00000092     system.obj (.text:cByteToHex)
                  0000c7a2    0000007a     radio.obj (.text:Radio_Set_Channel)
                  0000c81c    0000006e     rts430_eabi.lib : autoinit.obj (.text:_auto_init)
                  0000c88a    00000064                     : copy_decompress_rle.obj (.text:__TI_decompress_rle_core)
                  0000c8ee    00000060     system.obj (.text:System_Set_Speed)
                  0000c94e    0000005a     rts430_eabi.lib : cpy_tbl.obj (.text:copy_in)
                  0000c9a8    0000005a     timer.obj (.text:timer_getElapsedTime)
                  0000ca02    00000056     spi.obj (.text:SPI_Init)
                  0000ca58    0000004c     rts430_eabi.lib : lsr16.obj (.text)
                  0000caa4    0000004a     ADCMGR.obj (.text:ADCMGR_addCmdToQueue)
                  0000caee    0000004a     radio.obj (.text:Radio_Get_RSSI)
                  0000cb38    00000044     system.obj (.text:System_Init)
                  0000cb7c    0000003e     uart.obj (.text:UART0_Send_ByteToChar)
                  0000cbba    0000003a     radio.obj (.text:Radio_Set_Mode)
                  0000cbf4    00000036     ADC.obj (.text:ADC_configureADC)
                  0000cc2a    00000036     radio.obj (.text:_Add_Address_To_Packet)
                  0000cc60    00000032     watchdog.obj (.text:watchdog_timer)
                  0000cc92    0000002e     uart.obj (.text:UART_Init)
                  0000ccc0    0000002c     rts430_eabi.lib : asr16.obj (.text)
                  0000ccec    0000002a     ADCMGR.obj (.text:ADCMGR_readCmdFromQueue)
                  0000cd16    00000028     main.obj (.text:main)
                  0000cd3e    00000026     rts430_eabi.lib : mult32.obj (.text)
                  0000cd64    00000024     ADC.obj (.text:ADC_measure)
                  0000cd88    00000022     spi.obj (.text:SPI_Conf_Read_Register)
                  0000cdaa    00000020     system.obj (.text:Port_2)
                  0000cdca    00000020     uart.obj (.text:USCI0RX_ISR)
                  0000cdea    0000001e     ADCMGR.obj (.text:ADCMGR_initCmdQueue)
                  0000ce08    0000001e     spi.obj (.text:SPI_Conf_Write_Register)
                  0000ce26    0000001e     clock.obj (.text:initClk)
                  0000ce44    0000001c     ADCMGR.obj (.text:ADCMGR_init)
                  0000ce60    0000001a     spi.obj (.text:SPI_Data_Write)
                  0000ce7a    0000001a     spi.obj (.text:Spi_Send)
                  0000ce94    0000001a     watchdog.obj (.text:WDT_setWatchdog)
                  0000ceae    0000001a     rts430_eabi.lib : boot_special.obj (.text:_c_int00_noargs_noexit)
                  0000cec8    0000001a     timer.obj (.text:timer_initCount)
                  0000cee2    00000018     ADC.obj (.text:ADC_startConversion)
                  0000cefa    00000016     timer.obj (.text:timer_init)
                  0000cf10    00000014     uart.obj (.text:UART_Send_Byte)
                  0000cf24    00000014     rts430_eabi.lib : mult16.obj (.text)
                  0000cf38    00000012     radio.obj (.text:Radio_Set_TxPower)
                  0000cf4a    00000012     timer.obj (.text:Timer_A)
                  0000cf5c    00000012     uart.obj (.text:UART_Send_Data)
                  0000cf6e    00000012     rts430_eabi.lib : copy_decompress_none.obj (.text:decompress:none:__TI_decompress_none)
                  0000cf80    00000012                     : memcpy.obj (.text:memcpy)
                  0000cf92    00000010     spi.obj (.text:SPI_Data_Read)
                  0000cfa2    00000010     rts430_eabi.lib : epilog.obj (.text)
                  0000cfb2    0000000e     watchdog.obj (.text:WDT_configure)
                  0000cfc0    0000000c     ADC.obj (.text:ADC_getConversionResult)
                  0000cfcc    0000000c     ADC.obj (.text:ADC_stopConversion)
                  0000cfd8    0000000c     ADC.obj (.text:checkIfADCBusy)
                  0000cfe4    0000000a     gpio.obj (.text:GPIO_setup)
                  0000cfee    0000000a     misc.obj (.text:checkIsBitSet)
                  0000cff8    00000008     rts430_eabi.lib : isr_trap.obj (.text:_isr:__TI_ISR_TRAP)
                  0000d000    00000006     ADCMGR.obj (.text:ADCMGR_getCmdQueue)
                  0000d006    00000006     rts430_eabi.lib : exit.obj (.text:abort)
                  0000d00c    00000006                     : copy_decompress_rle.obj (.text:decompress:rle24:__TI_decompress_rle24)
                  0000d012    00000004                     : pre_init.obj (.text:_system_pre_init)
                  0000d016    00000002                     : startup.obj (.text:_system_post_cinit)

.binit     0    0000c000    00000000     

.const     0    0000d018    000000d0     
                  0000d018    00000042     application.obj (.const:.string)
                  0000d05a    0000003c     radio.obj (.const:.string)
                  0000d096    00000015     radio.obj (.const:.string:P_VALUE_CH_)
                  0000d0ab    00000001     --HOLE-- [fill = 0]
                  0000d0ac    00000015     radio.obj (.const:.string:R_VALUE_CH_)
                  0000d0c1    00000001     --HOLE-- [fill = 0]
                  0000d0c2    00000015     radio.obj (.const:.string:S_VALUE_CH_)
                  0000d0d7    00000001     --HOLE-- [fill = 0]
                  0000d0d8    00000010     ADCMGR.obj (.const:priv_commands)

.cinit     0    0000d0e8    00000028     
                  0000d0e8    00000011     (.cinit..data.load) [load image, compression = rle]
                  0000d0f9    00000001     --HOLE-- [fill = 0]
                  0000d0fa    00000009     (.cinit..bss.load) [load image, compression = rle]
                  0000d103    00000001     --HOLE-- [fill = 0]
                  0000d104    00000004     (__TI_handler_table)
                  0000d108    00000008     (__TI_cinit_table)

.init_array 
*          0    0000c000    00000000     UNINITIALIZED

TRAPINT    0    0000ffe0    00000002     
                  0000ffe0    00000002     rts430_eabi.lib : int00.obj (.int00)

PORT1      0    0000ffe4    00000002     
                  0000ffe4    00000002     rts430_eabi.lib : int02.obj (.int02)

PORT2      0    0000ffe6    00000002     
                  0000ffe6    00000002     system.obj (.int03)

$fill000   0    0000ffde    00000002     
                  0000ffde    00000002     --HOLE-- [fill = ffff]

ADC10      0    0000ffea    00000002     
                  0000ffea    00000002     rts430_eabi.lib : int05.obj (.int05)

USCIAB0TX 
*          0    0000ffec    00000002     
                  0000ffec    00000002     rts430_eabi.lib : int06.obj (.int06)

USCIAB0RX 
*          0    0000ffee    00000002     
                  0000ffee    00000002     uart.obj (.int07)

TIMER0_A1 
*          0    0000fff0    00000002     
                  0000fff0    00000002     rts430_eabi.lib : int08.obj (.int08)

TIMER0_A0 
*          0    0000fff2    00000002     
                  0000fff2    00000002     timer.obj (.int09)

WDT        0    0000fff4    00000002     
                  0000fff4    00000002     watchdog.obj (.int10)

COMPARATORA 
*          0    0000fff6    00000002     
                  0000fff6    00000002     rts430_eabi.lib : int11.obj (.int11)

TIMER1_A1 
*          0    0000fff8    00000002     
                  0000fff8    00000002     rts430_eabi.lib : int12.obj (.int12)

TIMER1_A0 
*          0    0000fffa    00000002     
                  0000fffa    00000002     rts430_eabi.lib : int13.obj (.int13)

NMI        0    0000fffc    00000002     
                  0000fffc    00000002     rts430_eabi.lib : int14.obj (.int14)

.reset     0    0000fffe    00000002     
                  0000fffe    00000002     rts430_eabi.lib : boot.obj (.reset)

MODULE SUMMARY

       Module                     code   ro data   rw data
       ------                     ----   -------   -------
    .\
       main.obj                   40     0         2      
    +--+--------------------------+------+---------+---------+
       Total:                     40     0         2      
                                                          
    .\HW\
       ADCMGR.obj                 374    16        34     
    +--+--------------------------+------+---------+---------+
       Total:                     374    16        34     
                                                          
    .\HW\LNK\Drivers\
       system.obj                 342    2         128    
       gpio.obj                   10     0         0      
    +--+--------------------------+------+---------+---------+
       Total:                     352    2         128    
                                                          
    .\HW\LNK\Drivers\Communication\
       spi.obj                    218    0         1      
       uart.obj                   178    2         33     
    +--+--------------------------+------+---------+---------+
       Total:                     396    2         34     
                                                          
    .\HW\LNK\LNK\
       radio.obj                  1260   123       1      
    +--+--------------------------+------+---------+---------+
       Total:                     1260   123       1      
                                                          
    .\LOGIC\
       application.obj            680    66        42     
    +--+--------------------------+------+---------+---------+
       Total:                     680    66        42     
                                                          
    .\MCU\
       timer.obj                  156    2         8      
       ADC.obj                    150    0         2      
       watchdog.obj               90     2         8      
       clock.obj                  30     0         0      
       misc.obj                   10     0         0      
    +--+--------------------------+------+---------+---------+
       Total:                     436    4         18     
                                                          
    C:\ti\ccsv6\tools\compiler\msp430_15.12.3.LTS\lib\rts430_eabi.lib
       autoinit.obj               110    0         0      
       copy_decompress_rle.obj    106    0         0      
       cpy_tbl.obj                90     0         0      
       lsr16.obj                  76     0         0      
       asr16.obj                  44     0         0      
       mult32.obj                 38     0         0      
       boot_special.obj           26     0         0      
       mult16.obj                 20     0         0      
       copy_decompress_none.obj   18     0         0      
       memcpy.obj                 18     0         0      
       epilog.obj                 16     0         0      
       isr_trap.obj               8      0         0      
       exit.obj                   6      0         0      
       pre_init.obj               4      0         0      
       boot.obj                   0      2         0      
       int00.obj                  0      2         0      
       int02.obj                  0      2         0      
       int05.obj                  0      2         0      
       int06.obj                  0      2         0      
       int08.obj                  0      2         0      
       int11.obj                  0      2         0      
       int12.obj                  0      2         0      
       int13.obj                  0      2         0      
       int14.obj                  0      2         0      
       startup.obj                2      0         0      
    +--+--------------------------+------+---------+---------+
       Total:                     582    20        0      
                                                          
       Stack:                     0      0         80     
       Linker Generated:          0      38        0      
    +--+--------------------------+------+---------+---------+
       Grand Total:               4120   271       339    


LINKER GENERATED COPY TABLES

__TI_cinit_table @ 0000d108 records: 2, size/record: 4, table size: 8
	.data: load addr=0000d0e8, load size=00000011 bytes, run addr=000002da, run size=00000029 bytes, compression=rle
	.bss: load addr=0000d0fa, load size=00000009 bytes, run addr=00000200, run size=000000da bytes, compression=rle


LINKER GENERATED HANDLER TABLE

__TI_handler_table @ 0000d104 records: 2, size/record: 2, table size: 4
	index: 0, handler: __TI_decompress_rle24
	index: 1, handler: __TI_decompress_none


GLOBAL SYMBOLS: SORTED ALPHABETICALLY BY Name 

address   name                    
-------   ----                    
0000004a  ADC10AE0                
000001b0  ADC10CTL0               
000001b2  ADC10CTL1               
00000048  ADC10DTC0               
00000049  ADC10DTC1               
000001b4  ADC10MEM                
000001bc  ADC10SA                 
0000caa4  ADCMGR_addCmdToQueue    
0000c59c  ADCMGR_cyclic           
0000d000  ADCMGR_getCmdQueue      
0000ce44  ADCMGR_init             
0000cdea  ADCMGR_initCmdQueue     
0000ccec  ADCMGR_readCmdFromQueue 
0000cbf4  ADC_configureADC        
0000cfc0  ADC_getConversionResult 
0000cd64  ADC_measure             
0000cee2  ADC_startConversion     
0000cfcc  ADC_stopConversion      
0000c000  APP_cyclic              
00000057  BCSCTL1                 
00000058  BCSCTL2                 
00000053  BCSCTL3                 
0000d006  C$$EXIT                 
00000059  CACTL1                  
0000005a  CACTL2                  
000010fb  CALBC1_12MHZ            
000010f9  CALBC1_16MHZ            
000010ff  CALBC1_1MHZ             
000010fd  CALBC1_8MHZ             
000010fa  CALDCO_12MHZ            
000010f8  CALDCO_16MHZ            
000010fe  CALDCO_1MHZ             
000010fc  CALDCO_8MHZ             
0000005b  CAPD                    
00000056  DCOCTL                  
00000128  FCTL1                   
0000012a  FCTL2                   
0000012c  FCTL3                   
0000cfe4  GPIO_setup              
00000000  IE1                     
00000001  IE2                     
00000002  IFG1                    
00000003  IFG2                    
00000022  P1DIR                   
00000025  P1IE                    
00000024  P1IES                   
00000023  P1IFG                   
00000020  P1IN                    
00000021  P1OUT                   
00000027  P1REN                   
00000026  P1SEL                   
00000041  P1SEL2                  
0000002a  P2DIR                   
0000002d  P2IE                    
0000002c  P2IES                   
0000002b  P2IFG                   
00000028  P2IN                    
00000029  P2OUT                   
0000002f  P2REN                   
0000002e  P2SEL                   
00000042  P2SEL2                  
0000001a  P3DIR                   
00000018  P3IN                    
00000019  P3OUT                   
00000010  P3REN                   
0000001b  P3SEL                   
00000043  P3SEL2                  
0000d096  P_VALUE_CH_             
0000cdaa  Port_2                  
0000d0ac  R_VALUE_CH_             
0000caee  Radio_Get_RSSI          
0000c2a8  Radio_Init              
0000c4d6  Radio_Rx                
0000c7a2  Radio_Set_Channel       
0000cbba  Radio_Set_Mode          
0000cf38  Radio_Set_TxPower       
0000c65e  Radio_Tx                
00000200  RxPacket                
0000cd88  SPI_Conf_Read_Register  
0000ce08  SPI_Conf_Write_Register 
0000cf92  SPI_Data_Read           
0000ce60  SPI_Data_Write          
0000ca02  SPI_Init                
0000d0c2  S_VALUE_CH_             
0000ce7a  Spi_Send                
0000cb38  System_Init             
0000c8ee  System_Set_Speed        
00000172  TA0CCR0                 
00000174  TA0CCR1                 
00000176  TA0CCR2                 
00000162  TA0CCTL0                
00000164  TA0CCTL1                
00000166  TA0CCTL2                
00000160  TA0CTL                  
0000012e  TA0IV                   
00000170  TA0R                    
00000192  TA1CCR0                 
00000194  TA1CCR1                 
00000196  TA1CCR2                 
00000182  TA1CCTL0                
00000184  TA1CCTL1                
00000186  TA1CCTL2                
00000180  TA1CTL                  
0000011e  TA1IV                   
00000190  TA1R                    
000010db  TLV_ADC10_1_LEN         
000010da  TLV_ADC10_1_TAG         
000010c0  TLV_CHECKSUM            
000010f7  TLV_DCO_30_LEN          
000010f6  TLV_DCO_30_TAG          
0000cf4a  Timer_A                 
00000240  TxPacket                
0000cb7c  UART0_Send_ByteToChar   
0000cc92  UART_Init               
0000cf10  UART_Send_Byte          
0000cf5c  UART_Send_Data          
0000005d  UCA0ABCTL               
00000062  UCA0BR0                 
00000063  UCA0BR1                 
00000060  UCA0CTL0                
00000061  UCA0CTL1                
0000005f  UCA0IRRCTL              
0000005e  UCA0IRTCTL              
00000064  UCA0MCTL                
00000066  UCA0RXBUF               
00000065  UCA0STAT                
00000067  UCA0TXBUF               
0000006a  UCB0BR0                 
0000006b  UCB0BR1                 
00000068  UCB0CTL0                
00000069  UCB0CTL1                
0000006c  UCB0I2CIE               
00000118  UCB0I2COA               
0000011a  UCB0I2CSA               
0000006e  UCB0RXBUF               
0000006d  UCB0STAT                
0000006f  UCB0TXBUF               
0000cdca  USCI0RX_ISR             
00000120  WDTCTL                  
0000cfb2  WDT_configure           
0000ce94  WDT_setWatchdog         
0000cc2a  _Add_Address_To_Packet  
00000400  __STACK_END             
00000050  __STACK_SIZE            
UNDEFED   __TI_BINIT_Base         
UNDEFED   __TI_BINIT_Limit        
0000d108  __TI_CINIT_Base         
0000d110  __TI_CINIT_Limit        
0000d104  __TI_Handler_Table_Base 
0000d108  __TI_Handler_Table_Limit
UNDEFED   __TI_INITARRAY_Base     
UNDEFED   __TI_INITARRAY_Limit    
0000cff8  __TI_ISR_TRAP           
0000cf6e  __TI_decompress_none    
0000d00c  __TI_decompress_rle24   
0000ffe0  __TI_int00              
0000ffe4  __TI_int02              
0000ffe6  __TI_int03              
0000ffea  __TI_int05              
0000ffec  __TI_int06              
0000ffee  __TI_int07              
0000fff0  __TI_int08              
0000fff2  __TI_int09              
0000fff4  __TI_int10              
0000fff6  __TI_int11              
0000fff8  __TI_int12              
0000fffa  __TI_int13              
0000fffc  __TI_int14              
ffffffff  __TI_pprof_out_hndl     
ffffffff  __TI_prof_data_size     
ffffffff  __TI_prof_data_start    
ffffffff  __c_args__              
0000cfae  __mspabi_func_epilog_1  
0000cfac  __mspabi_func_epilog_2  
0000cfaa  __mspabi_func_epilog_3  
0000cfa8  __mspabi_func_epilog_4  
0000cfa6  __mspabi_func_epilog_5  
0000cfa4  __mspabi_func_epilog_6  
0000cfa2  __mspabi_func_epilog_7  
0000cf24  __mspabi_mpyi           
0000cf24  __mspabi_mpyi_sw        
0000cd3e  __mspabi_mpyl           
0000cd3e  __mspabi_mpyl_sw        
0000ccc0  __mspabi_srai           
0000cce8  __mspabi_srai_1         
0000ccd6  __mspabi_srai_10        
0000ccd4  __mspabi_srai_11        
0000ccd2  __mspabi_srai_12        
0000ccd0  __mspabi_srai_13        
0000ccce  __mspabi_srai_14        
0000cccc  __mspabi_srai_15        
0000cce6  __mspabi_srai_2         
0000cce4  __mspabi_srai_3         
0000cce2  __mspabi_srai_4         
0000cce0  __mspabi_srai_5         
0000ccde  __mspabi_srai_6         
0000ccdc  __mspabi_srai_7         
0000ccda  __mspabi_srai_8         
0000ccd8  __mspabi_srai_9         
0000ca58  __mspabi_srli           
0000ca9e  __mspabi_srli_1         
0000ca7a  __mspabi_srli_10        
0000ca76  __mspabi_srli_11        
0000ca72  __mspabi_srli_12        
0000ca6e  __mspabi_srli_13        
0000ca6a  __mspabi_srli_14        
0000ca66  __mspabi_srli_15        
0000ca9a  __mspabi_srli_2         
0000ca96  __mspabi_srli_3         
0000ca92  __mspabi_srli_4         
0000ca8e  __mspabi_srli_5         
0000ca8a  __mspabi_srli_6         
0000ca86  __mspabi_srli_7         
0000ca82  __mspabi_srli_8         
0000ca7e  __mspabi_srli_9         
0000c81c  _auto_init              
0000ceae  _c_int00_noargs_noexit  
0000fffe  _reset_vector           
000003b0  _stack                  
0000d016  _system_post_cinit      
0000d012  _system_pre_init        
0000d006  abort                   
000002e2  b                       
000002e4  battery                 
0000c710  cByteToHex              
0000cfd8  checkIfADCBusy          
0000cfee  checkIsBitSet           
000002d6  cntr                    
0000c94e  copy_in                 
000002d7  dummy                   
000002d8  error                   
000002a0  esimene                 
000002ee  fCmdAdded               
000002f0  fCofig                  
000002ec  fMeasurement            
000002e0  h                       
000002e8  humidity                
0000ce26  initClk                 
0000cd16  main                    
0000cf80  memcpy                  
000002de  o                       
000002ea  payload_length          
0000d0d8  priv_commands           
000002e6  temperature             
000002c0  time                    
0000c9a8  timer_getElapsedTime    
0000cefa  timer_init              
0000cec8  timer_initCount         
00000300  tulemus                 
000002d9  uart_buf_size           
00000280  uart_rcv_buf            
00000302  vcotune                 
0000cc60  watchdog_timer          
000002f8  wdtCounter              
000002fc  wdtCurrentPeriod        


GLOBAL SYMBOLS: SORTED BY Symbol Address 

address   name                    
-------   ----                    
00000000  IE1                     
00000001  IE2                     
00000002  IFG1                    
00000003  IFG2                    
00000010  P3REN                   
00000018  P3IN                    
00000019  P3OUT                   
0000001a  P3DIR                   
0000001b  P3SEL                   
00000020  P1IN                    
00000021  P1OUT                   
00000022  P1DIR                   
00000023  P1IFG                   
00000024  P1IES                   
00000025  P1IE                    
00000026  P1SEL                   
00000027  P1REN                   
00000028  P2IN                    
00000029  P2OUT                   
0000002a  P2DIR                   
0000002b  P2IFG                   
0000002c  P2IES                   
0000002d  P2IE                    
0000002e  P2SEL                   
0000002f  P2REN                   
00000041  P1SEL2                  
00000042  P2SEL2                  
00000043  P3SEL2                  
00000048  ADC10DTC0               
00000049  ADC10DTC1               
0000004a  ADC10AE0                
00000050  __STACK_SIZE            
00000053  BCSCTL3                 
00000056  DCOCTL                  
00000057  BCSCTL1                 
00000058  BCSCTL2                 
00000059  CACTL1                  
0000005a  CACTL2                  
0000005b  CAPD                    
0000005d  UCA0ABCTL               
0000005e  UCA0IRTCTL              
0000005f  UCA0IRRCTL              
00000060  UCA0CTL0                
00000061  UCA0CTL1                
00000062  UCA0BR0                 
00000063  UCA0BR1                 
00000064  UCA0MCTL                
00000065  UCA0STAT                
00000066  UCA0RXBUF               
00000067  UCA0TXBUF               
00000068  UCB0CTL0                
00000069  UCB0CTL1                
0000006a  UCB0BR0                 
0000006b  UCB0BR1                 
0000006c  UCB0I2CIE               
0000006d  UCB0STAT                
0000006e  UCB0RXBUF               
0000006f  UCB0TXBUF               
00000118  UCB0I2COA               
0000011a  UCB0I2CSA               
0000011e  TA1IV                   
00000120  WDTCTL                  
00000128  FCTL1                   
0000012a  FCTL2                   
0000012c  FCTL3                   
0000012e  TA0IV                   
00000160  TA0CTL                  
00000162  TA0CCTL0                
00000164  TA0CCTL1                
00000166  TA0CCTL2                
00000170  TA0R                    
00000172  TA0CCR0                 
00000174  TA0CCR1                 
00000176  TA0CCR2                 
00000180  TA1CTL                  
00000182  TA1CCTL0                
00000184  TA1CCTL1                
00000186  TA1CCTL2                
00000190  TA1R                    
00000192  TA1CCR0                 
00000194  TA1CCR1                 
00000196  TA1CCR2                 
000001b0  ADC10CTL0               
000001b2  ADC10CTL1               
000001b4  ADC10MEM                
000001bc  ADC10SA                 
00000200  RxPacket                
00000240  TxPacket                
00000280  uart_rcv_buf            
000002a0  esimene                 
000002c0  time                    
000002d6  cntr                    
000002d7  dummy                   
000002d8  error                   
000002d9  uart_buf_size           
000002de  o                       
000002e0  h                       
000002e2  b                       
000002e4  battery                 
000002e6  temperature             
000002e8  humidity                
000002ea  payload_length          
000002ec  fMeasurement            
000002ee  fCmdAdded               
000002f0  fCofig                  
000002f8  wdtCounter              
000002fc  wdtCurrentPeriod        
00000300  tulemus                 
00000302  vcotune                 
000003b0  _stack                  
00000400  __STACK_END             
000010c0  TLV_CHECKSUM            
000010da  TLV_ADC10_1_TAG         
000010db  TLV_ADC10_1_LEN         
000010f6  TLV_DCO_30_TAG          
000010f7  TLV_DCO_30_LEN          
000010f8  CALDCO_16MHZ            
000010f9  CALBC1_16MHZ            
000010fa  CALDCO_12MHZ            
000010fb  CALBC1_12MHZ            
000010fc  CALDCO_8MHZ             
000010fd  CALBC1_8MHZ             
000010fe  CALDCO_1MHZ             
000010ff  CALBC1_1MHZ             
0000c000  APP_cyclic              
0000c2a8  Radio_Init              
0000c4d6  Radio_Rx                
0000c59c  ADCMGR_cyclic           
0000c65e  Radio_Tx                
0000c710  cByteToHex              
0000c7a2  Radio_Set_Channel       
0000c81c  _auto_init              
0000c8ee  System_Set_Speed        
0000c94e  copy_in                 
0000c9a8  timer_getElapsedTime    
0000ca02  SPI_Init                
0000ca58  __mspabi_srli           
0000ca66  __mspabi_srli_15        
0000ca6a  __mspabi_srli_14        
0000ca6e  __mspabi_srli_13        
0000ca72  __mspabi_srli_12        
0000ca76  __mspabi_srli_11        
0000ca7a  __mspabi_srli_10        
0000ca7e  __mspabi_srli_9         
0000ca82  __mspabi_srli_8         
0000ca86  __mspabi_srli_7         
0000ca8a  __mspabi_srli_6         
0000ca8e  __mspabi_srli_5         
0000ca92  __mspabi_srli_4         
0000ca96  __mspabi_srli_3         
0000ca9a  __mspabi_srli_2         
0000ca9e  __mspabi_srli_1         
0000caa4  ADCMGR_addCmdToQueue    
0000caee  Radio_Get_RSSI          
0000cb38  System_Init             
0000cb7c  UART0_Send_ByteToChar   
0000cbba  Radio_Set_Mode          
0000cbf4  ADC_configureADC        
0000cc2a  _Add_Address_To_Packet  
0000cc60  watchdog_timer          
0000cc92  UART_Init               
0000ccc0  __mspabi_srai           
0000cccc  __mspabi_srai_15        
0000ccce  __mspabi_srai_14        
0000ccd0  __mspabi_srai_13        
0000ccd2  __mspabi_srai_12        
0000ccd4  __mspabi_srai_11        
0000ccd6  __mspabi_srai_10        
0000ccd8  __mspabi_srai_9         
0000ccda  __mspabi_srai_8         
0000ccdc  __mspabi_srai_7         
0000ccde  __mspabi_srai_6         
0000cce0  __mspabi_srai_5         
0000cce2  __mspabi_srai_4         
0000cce4  __mspabi_srai_3         
0000cce6  __mspabi_srai_2         
0000cce8  __mspabi_srai_1         
0000ccec  ADCMGR_readCmdFromQueue 
0000cd16  main                    
0000cd3e  __mspabi_mpyl           
0000cd3e  __mspabi_mpyl_sw        
0000cd64  ADC_measure             
0000cd88  SPI_Conf_Read_Register  
0000cdaa  Port_2                  
0000cdca  USCI0RX_ISR             
0000cdea  ADCMGR_initCmdQueue     
0000ce08  SPI_Conf_Write_Register 
0000ce26  initClk                 
0000ce44  ADCMGR_init             
0000ce60  SPI_Data_Write          
0000ce7a  Spi_Send                
0000ce94  WDT_setWatchdog         
0000ceae  _c_int00_noargs_noexit  
0000cec8  timer_initCount         
0000cee2  ADC_startConversion     
0000cefa  timer_init              
0000cf10  UART_Send_Byte          
0000cf24  __mspabi_mpyi           
0000cf24  __mspabi_mpyi_sw        
0000cf38  Radio_Set_TxPower       
0000cf4a  Timer_A                 
0000cf5c  UART_Send_Data          
0000cf6e  __TI_decompress_none    
0000cf80  memcpy                  
0000cf92  SPI_Data_Read           
0000cfa2  __mspabi_func_epilog_7  
0000cfa4  __mspabi_func_epilog_6  
0000cfa6  __mspabi_func_epilog_5  
0000cfa8  __mspabi_func_epilog_4  
0000cfaa  __mspabi_func_epilog_3  
0000cfac  __mspabi_func_epilog_2  
0000cfae  __mspabi_func_epilog_1  
0000cfb2  WDT_configure           
0000cfc0  ADC_getConversionResult 
0000cfcc  ADC_stopConversion      
0000cfd8  checkIfADCBusy          
0000cfe4  GPIO_setup              
0000cfee  checkIsBitSet           
0000cff8  __TI_ISR_TRAP           
0000d000  ADCMGR_getCmdQueue      
0000d006  C$$EXIT                 
0000d006  abort                   
0000d00c  __TI_decompress_rle24   
0000d012  _system_pre_init        
0000d016  _system_post_cinit      
0000d096  P_VALUE_CH_             
0000d0ac  R_VALUE_CH_             
0000d0c2  S_VALUE_CH_             
0000d0d8  priv_commands           
0000d104  __TI_Handler_Table_Base 
0000d108  __TI_CINIT_Base         
0000d108  __TI_Handler_Table_Limit
0000d110  __TI_CINIT_Limit        
0000ffe0  __TI_int00              
0000ffe4  __TI_int02              
0000ffe6  __TI_int03              
0000ffea  __TI_int05              
0000ffec  __TI_int06              
0000ffee  __TI_int07              
0000fff0  __TI_int08              
0000fff2  __TI_int09              
0000fff4  __TI_int10              
0000fff6  __TI_int11              
0000fff8  __TI_int12              
0000fffa  __TI_int13              
0000fffc  __TI_int14              
0000fffe  _reset_vector           
ffffffff  __TI_pprof_out_hndl     
ffffffff  __TI_prof_data_size     
ffffffff  __TI_prof_data_start    
ffffffff  __c_args__              
UNDEFED   __TI_BINIT_Base         
UNDEFED   __TI_BINIT_Limit        
UNDEFED   __TI_INITARRAY_Base     
UNDEFED   __TI_INITARRAY_Limit    

[255 symbols]
