<?xml version="1.0"?>
<link_info>
   <banner>MSP430 Linker PC v15.12.3.LTS</banner>
   <copyright>Copyright (c) 2003-2015 Texas Instruments Incorporated</copyright>
   <link_time>0x591063f8</link_time>
   <link_errors>0x0</link_errors>
   <output_file>LILLEPOTT.out</output_file>
   <entry_point>
      <name>_c_int00_noargs_noexit</name>
      <address>0xcd18</address>
   </entry_point>
   <input_file_list>
      <input_file id="fl-2">
         <path>.\</path>
         <kind>object</kind>
         <file>main.obj</file>
         <name>main.obj</name>
      </input_file>
      <input_file id="fl-3">
         <path>.\HW\</path>
         <kind>object</kind>
         <file>ADCMGR.obj</file>
         <name>ADCMGR.obj</name>
      </input_file>
      <input_file id="fl-4">
         <path>.\HW\LNK\Drivers\Communication\</path>
         <kind>object</kind>
         <file>spi.obj</file>
         <name>spi.obj</name>
      </input_file>
      <input_file id="fl-5">
         <path>.\HW\LNK\Drivers\Communication\</path>
         <kind>object</kind>
         <file>uart.obj</file>
         <name>uart.obj</name>
      </input_file>
      <input_file id="fl-6">
         <path>.\HW\LNK\Drivers\</path>
         <kind>object</kind>
         <file>gpio.obj</file>
         <name>gpio.obj</name>
      </input_file>
      <input_file id="fl-7">
         <path>.\HW\LNK\Drivers\</path>
         <kind>object</kind>
         <file>system.obj</file>
         <name>system.obj</name>
      </input_file>
      <input_file id="fl-8">
         <path>.\HW\LNK\LNK\</path>
         <kind>object</kind>
         <file>radio.obj</file>
         <name>radio.obj</name>
      </input_file>
      <input_file id="fl-9">
         <path>.\LOGIC\</path>
         <kind>object</kind>
         <file>application.obj</file>
         <name>application.obj</name>
      </input_file>
      <input_file id="fl-a">
         <path>.\MCU\</path>
         <kind>object</kind>
         <file>ADC.obj</file>
         <name>ADC.obj</name>
      </input_file>
      <input_file id="fl-b">
         <path>.\MCU\</path>
         <kind>object</kind>
         <file>clock.obj</file>
         <name>clock.obj</name>
      </input_file>
      <input_file id="fl-c">
         <path>.\MCU\</path>
         <kind>object</kind>
         <file>misc.obj</file>
         <name>misc.obj</name>
      </input_file>
      <input_file id="fl-d">
         <path>.\MCU\</path>
         <kind>object</kind>
         <file>timer.obj</file>
         <name>timer.obj</name>
      </input_file>
      <input_file id="fl-e">
         <path>.\MCU\</path>
         <kind>object</kind>
         <file>wdt.obj</file>
         <name>wdt.obj</name>
      </input_file>
      <input_file id="fl-29">
         <path>C:\ti\ccsv6\tools\compiler\msp430_15.12.3.LTS\lib\</path>
         <kind>archive</kind>
         <file>rts430_eabi.lib</file>
         <name>asr16.obj</name>
      </input_file>
      <input_file id="fl-2a">
         <path>C:\ti\ccsv6\tools\compiler\msp430_15.12.3.LTS\lib\</path>
         <kind>archive</kind>
         <file>rts430_eabi.lib</file>
         <name>boot.obj</name>
      </input_file>
      <input_file id="fl-2b">
         <path>C:\ti\ccsv6\tools\compiler\msp430_15.12.3.LTS\lib\</path>
         <kind>archive</kind>
         <file>rts430_eabi.lib</file>
         <name>boot_special.obj</name>
      </input_file>
      <input_file id="fl-2c">
         <path>C:\ti\ccsv6\tools\compiler\msp430_15.12.3.LTS\lib\</path>
         <kind>archive</kind>
         <file>rts430_eabi.lib</file>
         <name>copy_decompress_none.obj</name>
      </input_file>
      <input_file id="fl-2d">
         <path>C:\ti\ccsv6\tools\compiler\msp430_15.12.3.LTS\lib\</path>
         <kind>archive</kind>
         <file>rts430_eabi.lib</file>
         <name>copy_decompress_rle.obj</name>
      </input_file>
      <input_file id="fl-2e">
         <path>C:\ti\ccsv6\tools\compiler\msp430_15.12.3.LTS\lib\</path>
         <kind>archive</kind>
         <file>rts430_eabi.lib</file>
         <name>copy_zero_init.obj</name>
      </input_file>
      <input_file id="fl-2f">
         <path>C:\ti\ccsv6\tools\compiler\msp430_15.12.3.LTS\lib\</path>
         <kind>archive</kind>
         <file>rts430_eabi.lib</file>
         <name>epilog.obj</name>
      </input_file>
      <input_file id="fl-30">
         <path>C:\ti\ccsv6\tools\compiler\msp430_15.12.3.LTS\lib\</path>
         <kind>archive</kind>
         <file>rts430_eabi.lib</file>
         <name>exit.obj</name>
      </input_file>
      <input_file id="fl-31">
         <path>C:\ti\ccsv6\tools\compiler\msp430_15.12.3.LTS\lib\</path>
         <kind>archive</kind>
         <file>rts430_eabi.lib</file>
         <name>exit_gvars.obj</name>
      </input_file>
      <input_file id="fl-32">
         <path>C:\ti\ccsv6\tools\compiler\msp430_15.12.3.LTS\lib\</path>
         <kind>archive</kind>
         <file>rts430_eabi.lib</file>
         <name>int00.obj</name>
      </input_file>
      <input_file id="fl-33">
         <path>C:\ti\ccsv6\tools\compiler\msp430_15.12.3.LTS\lib\</path>
         <kind>archive</kind>
         <file>rts430_eabi.lib</file>
         <name>int02.obj</name>
      </input_file>
      <input_file id="fl-34">
         <path>C:\ti\ccsv6\tools\compiler\msp430_15.12.3.LTS\lib\</path>
         <kind>archive</kind>
         <file>rts430_eabi.lib</file>
         <name>int05.obj</name>
      </input_file>
      <input_file id="fl-35">
         <path>C:\ti\ccsv6\tools\compiler\msp430_15.12.3.LTS\lib\</path>
         <kind>archive</kind>
         <file>rts430_eabi.lib</file>
         <name>int06.obj</name>
      </input_file>
      <input_file id="fl-36">
         <path>C:\ti\ccsv6\tools\compiler\msp430_15.12.3.LTS\lib\</path>
         <kind>archive</kind>
         <file>rts430_eabi.lib</file>
         <name>int08.obj</name>
      </input_file>
      <input_file id="fl-37">
         <path>C:\ti\ccsv6\tools\compiler\msp430_15.12.3.LTS\lib\</path>
         <kind>archive</kind>
         <file>rts430_eabi.lib</file>
         <name>int11.obj</name>
      </input_file>
      <input_file id="fl-38">
         <path>C:\ti\ccsv6\tools\compiler\msp430_15.12.3.LTS\lib\</path>
         <kind>archive</kind>
         <file>rts430_eabi.lib</file>
         <name>int12.obj</name>
      </input_file>
      <input_file id="fl-39">
         <path>C:\ti\ccsv6\tools\compiler\msp430_15.12.3.LTS\lib\</path>
         <kind>archive</kind>
         <file>rts430_eabi.lib</file>
         <name>int13.obj</name>
      </input_file>
      <input_file id="fl-3a">
         <path>C:\ti\ccsv6\tools\compiler\msp430_15.12.3.LTS\lib\</path>
         <kind>archive</kind>
         <file>rts430_eabi.lib</file>
         <name>int14.obj</name>
      </input_file>
      <input_file id="fl-3b">
         <path>C:\ti\ccsv6\tools\compiler\msp430_15.12.3.LTS\lib\</path>
         <kind>archive</kind>
         <file>rts430_eabi.lib</file>
         <name>isr_trap.obj</name>
      </input_file>
      <input_file id="fl-3c">
         <path>C:\ti\ccsv6\tools\compiler\msp430_15.12.3.LTS\lib\</path>
         <kind>archive</kind>
         <file>rts430_eabi.lib</file>
         <name>lsr16.obj</name>
      </input_file>
      <input_file id="fl-3d">
         <path>C:\ti\ccsv6\tools\compiler\msp430_15.12.3.LTS\lib\</path>
         <kind>archive</kind>
         <file>rts430_eabi.lib</file>
         <name>memcpy.obj</name>
      </input_file>
      <input_file id="fl-3e">
         <path>C:\ti\ccsv6\tools\compiler\msp430_15.12.3.LTS\lib\</path>
         <kind>archive</kind>
         <file>rts430_eabi.lib</file>
         <name>mpu_init.obj</name>
      </input_file>
      <input_file id="fl-3f">
         <path>C:\ti\ccsv6\tools\compiler\msp430_15.12.3.LTS\lib\</path>
         <kind>archive</kind>
         <file>rts430_eabi.lib</file>
         <name>mult16.obj</name>
      </input_file>
      <input_file id="fl-40">
         <path>C:\ti\ccsv6\tools\compiler\msp430_15.12.3.LTS\lib\</path>
         <kind>archive</kind>
         <file>rts430_eabi.lib</file>
         <name>mult32.obj</name>
      </input_file>
      <input_file id="fl-41">
         <path>C:\ti\ccsv6\tools\compiler\msp430_15.12.3.LTS\lib\</path>
         <kind>archive</kind>
         <file>rts430_eabi.lib</file>
         <name>pre_init.obj</name>
      </input_file>
      <input_file id="fl-42">
         <path>C:\ti\ccsv6\tools\compiler\msp430_15.12.3.LTS\lib\</path>
         <kind>archive</kind>
         <file>rts430_eabi.lib</file>
         <name>_lock.obj</name>
      </input_file>
      <input_file id="fl-43">
         <path>C:\ti\ccsv6\tools\compiler\msp430_15.12.3.LTS\lib\</path>
         <kind>archive</kind>
         <file>rts430_eabi.lib</file>
         <name>args_main.obj</name>
      </input_file>
      <input_file id="fl-44">
         <path>C:\ti\ccsv6\tools\compiler\msp430_15.12.3.LTS\lib\</path>
         <kind>archive</kind>
         <file>rts430_eabi.lib</file>
         <name>autoinit.obj</name>
      </input_file>
      <input_file id="fl-45">
         <path>C:\ti\ccsv6\tools\compiler\msp430_15.12.3.LTS\lib\</path>
         <kind>archive</kind>
         <file>rts430_eabi.lib</file>
         <name>cpy_tbl.obj</name>
      </input_file>
      <input_file id="fl-46">
         <path>C:\ti\ccsv6\tools\compiler\msp430_15.12.3.LTS\lib\</path>
         <kind>archive</kind>
         <file>rts430_eabi.lib</file>
         <name>startup.obj</name>
      </input_file>
   </input_file_list>
   <object_component_list>
      <object_component id="oc-269">
         <name>.bss:cmdData</name>
         <uninitialized>true</uninitialized>
         <run_address>0x2b6</run_address>
         <size>0x4</size>
         <input_file_ref idref="fl-3"/>
      </object_component>
      <object_component id="oc-319">
         <name>.bss:buf</name>
         <uninitialized>true</uninitialized>
         <run_address>0x2a0</run_address>
         <size>0x8</size>
         <input_file_ref idref="fl-3"/>
      </object_component>
      <object_component id="oc-26c">
         <name>.bss:cmdQueue</name>
         <uninitialized>true</uninitialized>
         <run_address>0x2b0</run_address>
         <size>0x6</size>
         <input_file_ref idref="fl-3"/>
      </object_component>
      <object_component id="oc-2aa">
         <name>.bss:parsed</name>
         <uninitialized>true</uninitialized>
         <run_address>0x2ba</run_address>
         <size>0x4</size>
         <input_file_ref idref="fl-9"/>
      </object_component>
      <object_component id="oc-299">
         <name>.bss</name>
         <uninitialized>true</uninitialized>
         <run_address>0x2be</run_address>
         <size>0x1</size>
         <input_file_ref idref="fl-9"/>
      </object_component>
      <object_component id="oc-1be">
         <name>.common:error</name>
         <uninitialized>true</uninitialized>
         <run_address>0x2c1</run_address>
         <size>0x1</size>
      </object_component>
      <object_component id="oc-2a9">
         <name>.common:cntr</name>
         <uninitialized>true</uninitialized>
         <run_address>0x2bf</run_address>
         <size>0x1</size>
      </object_component>
      <object_component id="oc-374">
         <name>.common:dummy</name>
         <uninitialized>true</uninitialized>
         <run_address>0x2c0</run_address>
         <size>0x1</size>
      </object_component>
      <object_component id="oc-186">
         <name>.common:uart_buf_size</name>
         <uninitialized>true</uninitialized>
         <run_address>0x2c2</run_address>
         <size>0x1</size>
      </object_component>
      <object_component id="oc-18f">
         <name>.common:uart_rcv_buf</name>
         <uninitialized>true</uninitialized>
         <run_address>0x280</run_address>
         <size>0x20</size>
      </object_component>
      <object_component id="oc-279">
         <name>.common:TxPacket</name>
         <uninitialized>true</uninitialized>
         <run_address>0x240</run_address>
         <size>0x40</size>
      </object_component>
      <object_component id="oc-27a">
         <name>.common:RxPacket</name>
         <uninitialized>true</uninitialized>
         <run_address>0x200</run_address>
         <size>0x40</size>
      </object_component>
      <object_component id="oc-191">
         <name>.common:time</name>
         <uninitialized>true</uninitialized>
         <run_address>0x2a8</run_address>
         <size>0x8</size>
      </object_component>
      <object_component id="oc-263">
         <name>.data</name>
         <load_address>0x2d0</load_address>
         <run_address>0x2d0</run_address>
         <size>0xa</size>
         <input_file_ref idref="fl-3"/>
      </object_component>
      <object_component id="oc-304">
         <name>.data</name>
         <load_address>0x2e4</load_address>
         <run_address>0x2e4</run_address>
         <size>0x1</size>
         <input_file_ref idref="fl-8"/>
      </object_component>
      <object_component id="oc-276">
         <name>.data</name>
         <load_address>0x2c4</load_address>
         <run_address>0x2c4</run_address>
         <size>0xc</size>
         <input_file_ref idref="fl-9"/>
      </object_component>
      <object_component id="oc-394">
         <name>.data</name>
         <load_address>0x2e2</load_address>
         <run_address>0x2e2</run_address>
         <size>0x2</size>
         <input_file_ref idref="fl-a"/>
      </object_component>
      <object_component id="oc-195">
         <name>.data</name>
         <load_address>0x2da</load_address>
         <run_address>0x2da</run_address>
         <size>0x8</size>
         <input_file_ref idref="fl-e"/>
      </object_component>
      <object_component id="oc-f1">
         <name>.stack</name>
         <uninitialized>true</uninitialized>
         <run_address>0x3b0</run_address>
         <size>0x2</size>
         <input_file_ref idref="fl-2a"/>
      </object_component>
      <object_component id="oc-3e8">
         <name>.stack</name>
         <uninitialized>true</uninitialized>
         <run_address>0x3b0</run_address>
         <size>0x0</size>
      </object_component>
      <object_component id="oc-1df">
         <name>.text:APP_cyclic</name>
         <load_address>0xc000</load_address>
         <run_address>0xc000</run_address>
         <size>0x2ca</size>
         <input_file_ref idref="fl-9"/>
      </object_component>
      <object_component id="oc-255">
         <name>.text:Radio_Init</name>
         <load_address>0xc2ca</load_address>
         <run_address>0xc2ca</run_address>
         <size>0x22e</size>
         <input_file_ref idref="fl-8"/>
      </object_component>
      <object_component id="oc-1e5">
         <name>.text:ADCMGR_cyclic</name>
         <load_address>0xc4f8</load_address>
         <run_address>0xc4f8</run_address>
         <size>0xaa</size>
         <input_file_ref idref="fl-3"/>
      </object_component>
      <object_component id="oc-29c">
         <name>.text:Radio_Rx</name>
         <load_address>0xc5a2</load_address>
         <run_address>0xc5a2</run_address>
         <size>0xa8</size>
         <input_file_ref idref="fl-8"/>
      </object_component>
      <object_component id="oc-2ad">
         <name>.text:Radio_Tx</name>
         <load_address>0xc64a</load_address>
         <run_address>0xc64a</run_address>
         <size>0x96</size>
         <input_file_ref idref="fl-8"/>
      </object_component>
      <object_component id="oc-25b">
         <name>.text:Radio_Set_Channel</name>
         <load_address>0xc6e0</load_address>
         <run_address>0xc6e0</run_address>
         <size>0x7a</size>
         <input_file_ref idref="fl-8"/>
      </object_component>
      <object_component id="oc-139">
         <name>.text:_auto_init</name>
         <load_address>0xc75a</load_address>
         <run_address>0xc75a</run_address>
         <size>0x6e</size>
         <input_file_ref idref="fl-44"/>
      </object_component>
      <object_component id="oc-102">
         <name>.text:__TI_decompress_rle_core</name>
         <load_address>0xc7c8</load_address>
         <run_address>0xc7c8</run_address>
         <size>0x64</size>
         <input_file_ref idref="fl-2d"/>
      </object_component>
      <object_component id="oc-243">
         <name>.text:System_Set_Speed</name>
         <load_address>0xc82c</load_address>
         <run_address>0xc82c</run_address>
         <size>0x60</size>
         <input_file_ref idref="fl-7"/>
      </object_component>
      <object_component id="oc-19c">
         <name>.text:copy_in</name>
         <load_address>0xc88c</load_address>
         <run_address>0xc88c</run_address>
         <size>0x5a</size>
         <input_file_ref idref="fl-45"/>
      </object_component>
      <object_component id="oc-24f">
         <name>.text:SPI_Init</name>
         <load_address>0xc8e6</load_address>
         <run_address>0xc8e6</run_address>
         <size>0x56</size>
         <input_file_ref idref="fl-4"/>
      </object_component>
      <object_component id="oc-3a6">
         <name>.text</name>
         <load_address>0xc93c</load_address>
         <run_address>0xc93c</run_address>
         <size>0x4c</size>
         <input_file_ref idref="fl-3c"/>
      </object_component>
      <object_component id="oc-2c5">
         <name>.text:ADCMGR_addCmdToQueue</name>
         <load_address>0xc988</load_address>
         <run_address>0xc988</run_address>
         <size>0x4a</size>
         <input_file_ref idref="fl-3"/>
      </object_component>
      <object_component id="oc-2b3">
         <name>.text:Radio_Get_RSSI</name>
         <load_address>0xc9d2</load_address>
         <run_address>0xc9d2</run_address>
         <size>0x4a</size>
         <input_file_ref idref="fl-8"/>
      </object_component>
      <object_component id="oc-1cd">
         <name>.text:System_Init</name>
         <load_address>0xca1c</load_address>
         <run_address>0xca1c</run_address>
         <size>0x44</size>
         <input_file_ref idref="fl-7"/>
      </object_component>
      <object_component id="oc-293">
         <name>.text:Radio_Set_Mode</name>
         <load_address>0xca60</load_address>
         <run_address>0xca60</run_address>
         <size>0x3a</size>
         <input_file_ref idref="fl-8"/>
      </object_component>
      <object_component id="oc-2d8">
         <name>.text:ADC_configureADC</name>
         <load_address>0xca9a</load_address>
         <run_address>0xca9a</run_address>
         <size>0x36</size>
         <input_file_ref idref="fl-a"/>
      </object_component>
      <object_component id="oc-346">
         <name>.text:_Add_Address_To_Packet</name>
         <load_address>0xcad0</load_address>
         <run_address>0xcad0</run_address>
         <size>0x36</size>
         <input_file_ref idref="fl-8"/>
      </object_component>
      <object_component id="oc-126">
         <name>.text:watchdog_timer</name>
         <load_address>0xcb06</load_address>
         <run_address>0xcb06</run_address>
         <size>0x2e</size>
         <input_file_ref idref="fl-e"/>
      </object_component>
      <object_component id="oc-2d2">
         <name>.text:readCmdFromQueue</name>
         <load_address>0xcb34</load_address>
         <run_address>0xcb34</run_address>
         <size>0x2a</size>
         <input_file_ref idref="fl-3"/>
      </object_component>
      <object_component id="oc-153">
         <name>.text:main</name>
         <load_address>0xcb5e</load_address>
         <run_address>0xcb5e</run_address>
         <size>0x28</size>
         <input_file_ref idref="fl-2"/>
      </object_component>
      <object_component id="oc-324">
         <name>.text</name>
         <load_address>0xcb86</load_address>
         <run_address>0xcb86</run_address>
         <size>0x26</size>
         <input_file_ref idref="fl-40"/>
      </object_component>
      <object_component id="oc-2cc">
         <name>.text:ADC_measure</name>
         <load_address>0xcbac</load_address>
         <run_address>0xcbac</run_address>
         <size>0x24</size>
         <input_file_ref idref="fl-a"/>
      </object_component>
      <object_component id="oc-307">
         <name>.text:SPI_Conf_Read_Register</name>
         <load_address>0xcbd0</load_address>
         <run_address>0xcbd0</run_address>
         <size>0x22</size>
         <input_file_ref idref="fl-4"/>
      </object_component>
      <object_component id="oc-249">
         <name>.text:UART_Init</name>
         <load_address>0xcbf2</load_address>
         <run_address>0xcbf2</run_address>
         <size>0x22</size>
         <input_file_ref idref="fl-5"/>
      </object_component>
      <object_component id="oc-114">
         <name>.text:Port_2</name>
         <load_address>0xcc14</load_address>
         <run_address>0xcc14</run_address>
         <size>0x20</size>
         <input_file_ref idref="fl-7"/>
      </object_component>
      <object_component id="oc-11a">
         <name>.text:USCI0RX_ISR</name>
         <load_address>0xcc34</load_address>
         <run_address>0xcc34</run_address>
         <size>0x20</size>
         <input_file_ref idref="fl-5"/>
      </object_component>
      <object_component id="oc-1d3">
         <name>.text:CLK_initClk</name>
         <load_address>0xcc54</load_address>
         <run_address>0xcc54</run_address>
         <size>0x1e</size>
         <input_file_ref idref="fl-b"/>
      </object_component>
      <object_component id="oc-2ef">
         <name>.text:SPI_Conf_Write_Register</name>
         <load_address>0xcc72</load_address>
         <run_address>0xcc72</run_address>
         <size>0x1e</size>
         <input_file_ref idref="fl-4"/>
      </object_component>
      <object_component id="oc-26f">
         <name>.text:initCmdQueue</name>
         <load_address>0xcc90</load_address>
         <run_address>0xcc90</run_address>
         <size>0x1e</size>
         <input_file_ref idref="fl-3"/>
      </object_component>
      <object_component id="oc-1d9">
         <name>.text:ADCMGR_init</name>
         <load_address>0xccae</load_address>
         <run_address>0xccae</run_address>
         <size>0x1c</size>
         <input_file_ref idref="fl-3"/>
      </object_component>
      <object_component id="oc-34c">
         <name>.text:SPI_Data_Write</name>
         <load_address>0xccca</load_address>
         <run_address>0xccca</run_address>
         <size>0x1a</size>
         <input_file_ref idref="fl-4"/>
      </object_component>
      <object_component id="oc-36e">
         <name>.text:Spi_Send</name>
         <load_address>0xcce4</load_address>
         <run_address>0xcce4</run_address>
         <size>0x1a</size>
         <input_file_ref idref="fl-4"/>
      </object_component>
      <object_component id="oc-27b">
         <name>.text:WDT_setWatchdog</name>
         <load_address>0xccfe</load_address>
         <run_address>0xccfe</run_address>
         <size>0x1a</size>
         <input_file_ref idref="fl-e"/>
      </object_component>
      <object_component id="oc-6b">
         <name>.text:_c_int00_noargs_noexit</name>
         <load_address>0xcd18</load_address>
         <run_address>0xcd18</run_address>
         <size>0x1a</size>
         <input_file_ref idref="fl-2b"/>
      </object_component>
      <object_component id="oc-357">
         <name>.text:startConversion</name>
         <load_address>0xcd32</load_address>
         <run_address>0xcd32</run_address>
         <size>0x18</size>
         <input_file_ref idref="fl-a"/>
      </object_component>
      <object_component id="oc-1c1">
         <name>.text:timer_init</name>
         <load_address>0xcd4a</load_address>
         <run_address>0xcd4a</run_address>
         <size>0x16</size>
         <input_file_ref idref="fl-d"/>
      </object_component>
      <object_component id="oc-33d">
         <name>.text:UART_Send_Byte</name>
         <load_address>0xcd60</load_address>
         <run_address>0xcd60</run_address>
         <size>0x14</size>
         <input_file_ref idref="fl-5"/>
      </object_component>
      <object_component id="oc-210">
         <name>.text</name>
         <load_address>0xcd74</load_address>
         <run_address>0xcd74</run_address>
         <size>0x14</size>
         <input_file_ref idref="fl-3f"/>
      </object_component>
      <object_component id="oc-2fe">
         <name>.text:Radio_Set_TxPower</name>
         <load_address>0xcd88</load_address>
         <run_address>0xcd88</run_address>
         <size>0x12</size>
         <input_file_ref idref="fl-8"/>
      </object_component>
      <object_component id="oc-120">
         <name>.text:Timer_A</name>
         <load_address>0xcd9a</load_address>
         <run_address>0xcd9a</run_address>
         <size>0x12</size>
         <input_file_ref idref="fl-d"/>
      </object_component>
      <object_component id="oc-2a3">
         <name>.text:UART_Send_Data</name>
         <load_address>0xcdac</load_address>
         <run_address>0xcdac</run_address>
         <size>0x12</size>
         <input_file_ref idref="fl-5"/>
      </object_component>
      <object_component id="oc-34">
         <name>.text:decompress:none:__TI_decompress_none</name>
         <load_address>0xcdbe</load_address>
         <run_address>0xcdbe</run_address>
         <size>0x12</size>
         <input_file_ref idref="fl-2c"/>
      </object_component>
      <object_component id="oc-f5">
         <name>.text:memcpy</name>
         <load_address>0xcdd0</load_address>
         <run_address>0xcdd0</run_address>
         <size>0x12</size>
         <input_file_ref idref="fl-3d"/>
      </object_component>
      <object_component id="oc-336">
         <name>.text:SPI_Data_Read</name>
         <load_address>0xcde2</load_address>
         <run_address>0xcde2</run_address>
         <size>0x10</size>
         <input_file_ref idref="fl-4"/>
      </object_component>
      <object_component id="oc-17c">
         <name>.text</name>
         <load_address>0xcdf2</load_address>
         <run_address>0xcdf2</run_address>
         <size>0x10</size>
         <input_file_ref idref="fl-2f"/>
      </object_component>
      <object_component id="oc-329">
         <name>.text:WDT_configure</name>
         <load_address>0xce02</load_address>
         <run_address>0xce02</run_address>
         <size>0xe</size>
         <input_file_ref idref="fl-e"/>
      </object_component>
      <object_component id="oc-38c">
         <name>.text:checkIfADCBusy</name>
         <load_address>0xce10</load_address>
         <run_address>0xce10</run_address>
         <size>0xc</size>
         <input_file_ref idref="fl-a"/>
      </object_component>
      <object_component id="oc-363">
         <name>.text:getConversionResult</name>
         <load_address>0xce1c</load_address>
         <run_address>0xce1c</run_address>
         <size>0xc</size>
         <input_file_ref idref="fl-a"/>
      </object_component>
      <object_component id="oc-35d">
         <name>.text:stopConversion</name>
         <load_address>0xce28</load_address>
         <run_address>0xce28</run_address>
         <size>0xc</size>
         <input_file_ref idref="fl-a"/>
      </object_component>
      <object_component id="oc-281">
         <name>.text:ADCMGR_getBattery</name>
         <load_address>0xce34</load_address>
         <run_address>0xce34</run_address>
         <size>0xa</size>
         <input_file_ref idref="fl-3"/>
      </object_component>
      <object_component id="oc-287">
         <name>.text:ADCMGR_getHum</name>
         <load_address>0xce3e</load_address>
         <run_address>0xce3e</run_address>
         <size>0xa</size>
         <input_file_ref idref="fl-3"/>
      </object_component>
      <object_component id="oc-28d">
         <name>.text:ADCMGR_getTemp</name>
         <load_address>0xce48</load_address>
         <run_address>0xce48</run_address>
         <size>0xa</size>
         <input_file_ref idref="fl-3"/>
      </object_component>
      <object_component id="oc-1c7">
         <name>.text:GPIO_setup</name>
         <load_address>0xce52</load_address>
         <run_address>0xce52</run_address>
         <size>0xa</size>
         <input_file_ref idref="fl-6"/>
      </object_component>
      <object_component id="oc-39d">
         <name>.text:MISC_checkIsBitSet</name>
         <load_address>0xce5c</load_address>
         <run_address>0xce5c</run_address>
         <size>0xa</size>
         <input_file_ref idref="fl-c"/>
      </object_component>
      <object_component id="oc-10f">
         <name>.text:_isr:__TI_ISR_TRAP</name>
         <load_address>0xce66</load_address>
         <run_address>0xce66</run_address>
         <size>0x8</size>
         <input_file_ref idref="fl-3b"/>
      </object_component>
      <object_component id="oc-2bf">
         <name>.text:ADCMGR_getCmdQueue</name>
         <load_address>0xce6e</load_address>
         <run_address>0xce6e</run_address>
         <size>0x6</size>
         <input_file_ref idref="fl-3"/>
      </object_component>
      <object_component id="oc-2b9">
         <name>.text:Radio_Calculate_RSSI</name>
         <load_address>0xce74</load_address>
         <run_address>0xce74</run_address>
         <size>0x6</size>
         <input_file_ref idref="fl-8"/>
      </object_component>
      <object_component id="oc-15b">
         <name>.text:abort</name>
         <load_address>0xce7a</load_address>
         <run_address>0xce7a</run_address>
         <size>0x6</size>
         <input_file_ref idref="fl-30"/>
      </object_component>
      <object_component id="oc-3a">
         <name>.text:decompress:rle24:__TI_decompress_rle24</name>
         <load_address>0xce80</load_address>
         <run_address>0xce80</run_address>
         <size>0x6</size>
         <input_file_ref idref="fl-2d"/>
      </object_component>
      <object_component id="oc-133">
         <name>.text:_system_pre_init</name>
         <load_address>0xce86</load_address>
         <run_address>0xce86</run_address>
         <size>0x4</size>
         <input_file_ref idref="fl-41"/>
      </object_component>
      <object_component id="oc-1a2">
         <name>.text:_system_post_cinit</name>
         <load_address>0xce8a</load_address>
         <run_address>0xce8a</run_address>
         <size>0x2</size>
         <input_file_ref idref="fl-46"/>
      </object_component>
      <object_component id="oc-3e7">
         <name>.cinit..data.load</name>
         <load_address>0xcefa</load_address>
         <run_address>0xcefa</run_address>
         <size>0x10</size>
      </object_component>
      <object_component id="oc-3e6">
         <name>.cinit..bss.load</name>
         <load_address>0xcf0a</load_address>
         <run_address>0xcf0a</run_address>
         <size>0x9</size>
      </object_component>
      <object_component id="oc-3e4">
         <name>__TI_handler_table</name>
         <load_address>0xcf14</load_address>
         <run_address>0xcf14</run_address>
         <size>0x4</size>
      </object_component>
      <object_component id="oc-3e5">
         <name>__TI_cinit_table</name>
         <load_address>0xcf18</load_address>
         <run_address>0xcf18</run_address>
         <size>0x8</size>
      </object_component>
      <object_component id="oc-2a2">
         <name>.const:.string</name>
         <load_address>0xce8c</load_address>
         <run_address>0xce8c</run_address>
         <size>0x1c</size>
         <input_file_ref idref="fl-9"/>
      </object_component>
      <object_component id="oc-2f8">
         <name>.const:.string:P_VALUE_CH_</name>
         <load_address>0xcea8</load_address>
         <run_address>0xcea8</run_address>
         <size>0x15</size>
         <input_file_ref idref="fl-8"/>
      </object_component>
      <object_component id="oc-2f5">
         <name>.const:.string:R_VALUE_CH_</name>
         <load_address>0xcebe</load_address>
         <run_address>0xcebe</run_address>
         <size>0x15</size>
         <input_file_ref idref="fl-8"/>
      </object_component>
      <object_component id="oc-2fb">
         <name>.const:.string:S_VALUE_CH_</name>
         <load_address>0xced4</load_address>
         <run_address>0xced4</run_address>
         <size>0x15</size>
         <input_file_ref idref="fl-8"/>
      </object_component>
      <object_component id="oc-266">
         <name>.const:priv_commands</name>
         <load_address>0xceea</load_address>
         <run_address>0xceea</run_address>
         <size>0x10</size>
         <input_file_ref idref="fl-3"/>
      </object_component>
      <object_component id="oc-3ae">
         <name>.binit</name>
         <load_address>0xc000</load_address>
         <run_address>0xc000</run_address>
         <size>0x0</size>
      </object_component>
      <object_component id="oc-40">
         <name>.int00</name>
         <load_address>0xffe0</load_address>
         <run_address>0xffe0</run_address>
         <size>0x2</size>
         <input_file_ref idref="fl-32"/>
      </object_component>
      <object_component id="oc-41">
         <name>.int02</name>
         <load_address>0xffe4</load_address>
         <run_address>0xffe4</run_address>
         <size>0x2</size>
         <input_file_ref idref="fl-33"/>
      </object_component>
      <object_component id="oc-42">
         <name>.int03</name>
         <load_address>0xffe6</load_address>
         <run_address>0xffe6</run_address>
         <size>0x2</size>
         <input_file_ref idref="fl-7"/>
      </object_component>
      <object_component id="oc-43">
         <name>.int05</name>
         <load_address>0xffea</load_address>
         <run_address>0xffea</run_address>
         <size>0x2</size>
         <input_file_ref idref="fl-34"/>
      </object_component>
      <object_component id="oc-44">
         <name>.int06</name>
         <load_address>0xffec</load_address>
         <run_address>0xffec</run_address>
         <size>0x2</size>
         <input_file_ref idref="fl-35"/>
      </object_component>
      <object_component id="oc-45">
         <name>.int07</name>
         <load_address>0xffee</load_address>
         <run_address>0xffee</run_address>
         <size>0x2</size>
         <input_file_ref idref="fl-5"/>
      </object_component>
      <object_component id="oc-46">
         <name>.int08</name>
         <load_address>0xfff0</load_address>
         <run_address>0xfff0</run_address>
         <size>0x2</size>
         <input_file_ref idref="fl-36"/>
      </object_component>
      <object_component id="oc-47">
         <name>.int09</name>
         <load_address>0xfff2</load_address>
         <run_address>0xfff2</run_address>
         <size>0x2</size>
         <input_file_ref idref="fl-d"/>
      </object_component>
      <object_component id="oc-48">
         <name>.int10</name>
         <load_address>0xfff4</load_address>
         <run_address>0xfff4</run_address>
         <size>0x2</size>
         <input_file_ref idref="fl-e"/>
      </object_component>
      <object_component id="oc-49">
         <name>.int11</name>
         <load_address>0xfff6</load_address>
         <run_address>0xfff6</run_address>
         <size>0x2</size>
         <input_file_ref idref="fl-37"/>
      </object_component>
      <object_component id="oc-4a">
         <name>.int12</name>
         <load_address>0xfff8</load_address>
         <run_address>0xfff8</run_address>
         <size>0x2</size>
         <input_file_ref idref="fl-38"/>
      </object_component>
      <object_component id="oc-4b">
         <name>.int13</name>
         <load_address>0xfffa</load_address>
         <run_address>0xfffa</run_address>
         <size>0x2</size>
         <input_file_ref idref="fl-39"/>
      </object_component>
      <object_component id="oc-4c">
         <name>.int14</name>
         <load_address>0xfffc</load_address>
         <run_address>0xfffc</run_address>
         <size>0x2</size>
         <input_file_ref idref="fl-3a"/>
      </object_component>
      <object_component id="oc-f4">
         <name>.reset</name>
         <load_address>0xfffe</load_address>
         <run_address>0xfffe</run_address>
         <size>0x2</size>
         <input_file_ref idref="fl-2a"/>
      </object_component>
      <object_component id="oc-1bf">
         <name>.debug_info</name>
         <load_address>0x0</load_address>
         <run_address>0x0</run_address>
         <size>0x2fe</size>
         <input_file_ref idref="fl-2"/>
      </object_component>
      <object_component id="oc-154">
         <name>.debug_info</name>
         <load_address>0x2fe</load_address>
         <run_address>0x2fe</run_address>
         <size>0x163</size>
         <input_file_ref idref="fl-2"/>
      </object_component>
      <object_component id="oc-207">
         <name>.debug_info</name>
         <load_address>0x461</load_address>
         <run_address>0x461</run_address>
         <size>0xa8</size>
         <input_file_ref idref="fl-2"/>
      </object_component>
      <object_component id="oc-202">
         <name>.debug_info</name>
         <load_address>0x509</load_address>
         <run_address>0x509</run_address>
         <size>0x18b</size>
         <input_file_ref idref="fl-2"/>
      </object_component>
      <object_component id="oc-1fb">
         <name>.debug_info</name>
         <load_address>0x694</load_address>
         <run_address>0x694</run_address>
         <size>0x72</size>
         <input_file_ref idref="fl-2"/>
      </object_component>
      <object_component id="oc-169">
         <name>.debug_info</name>
         <load_address>0x706</load_address>
         <run_address>0x706</run_address>
         <size>0x84</size>
         <input_file_ref idref="fl-2"/>
      </object_component>
      <object_component id="oc-1f2">
         <name>.debug_info</name>
         <load_address>0x78a</load_address>
         <run_address>0x78a</run_address>
         <size>0x6d</size>
         <input_file_ref idref="fl-2"/>
      </object_component>
      <object_component id="oc-313">
         <name>.debug_info</name>
         <load_address>0x7f7</load_address>
         <run_address>0x7f7</run_address>
         <size>0x23e</size>
         <input_file_ref idref="fl-3"/>
      </object_component>
      <object_component id="oc-267">
         <name>.debug_info</name>
         <load_address>0xa35</load_address>
         <run_address>0xa35</run_address>
         <size>0xd9</size>
         <input_file_ref idref="fl-3"/>
      </object_component>
      <object_component id="oc-264">
         <name>.debug_info</name>
         <load_address>0xb0e</load_address>
         <run_address>0xb0e</run_address>
         <size>0x166</size>
         <input_file_ref idref="fl-3"/>
      </object_component>
      <object_component id="oc-26a">
         <name>.debug_info</name>
         <load_address>0xc74</load_address>
         <run_address>0xc74</run_address>
         <size>0xcc</size>
         <input_file_ref idref="fl-3"/>
      </object_component>
      <object_component id="oc-31a">
         <name>.debug_info</name>
         <load_address>0xd40</load_address>
         <run_address>0xd40</run_address>
         <size>0xc4</size>
         <input_file_ref idref="fl-3"/>
      </object_component>
      <object_component id="oc-26d">
         <name>.debug_info</name>
         <load_address>0xe04</load_address>
         <run_address>0xe04</run_address>
         <size>0xce</size>
         <input_file_ref idref="fl-3"/>
      </object_component>
      <object_component id="oc-28e">
         <name>.debug_info</name>
         <load_address>0xed2</load_address>
         <run_address>0xed2</run_address>
         <size>0x12e</size>
         <input_file_ref idref="fl-3"/>
      </object_component>
      <object_component id="oc-288">
         <name>.debug_info</name>
         <load_address>0x1000</load_address>
         <run_address>0x1000</run_address>
         <size>0x12a</size>
         <input_file_ref idref="fl-3"/>
      </object_component>
      <object_component id="oc-282">
         <name>.debug_info</name>
         <load_address>0x112a</load_address>
         <run_address>0x112a</run_address>
         <size>0x132</size>
         <input_file_ref idref="fl-3"/>
      </object_component>
      <object_component id="oc-2c0">
         <name>.debug_info</name>
         <load_address>0x125c</load_address>
         <run_address>0x125c</run_address>
         <size>0x13a</size>
         <input_file_ref idref="fl-3"/>
      </object_component>
      <object_component id="oc-2d3">
         <name>.debug_info</name>
         <load_address>0x1396</load_address>
         <run_address>0x1396</run_address>
         <size>0x138</size>
         <input_file_ref idref="fl-3"/>
      </object_component>
      <object_component id="oc-2c6">
         <name>.debug_info</name>
         <load_address>0x14ce</load_address>
         <run_address>0x14ce</run_address>
         <size>0x163</size>
         <input_file_ref idref="fl-3"/>
      </object_component>
      <object_component id="oc-1da">
         <name>.debug_info</name>
         <load_address>0x1631</load_address>
         <run_address>0x1631</run_address>
         <size>0x11c</size>
         <input_file_ref idref="fl-3"/>
      </object_component>
      <object_component id="oc-270">
         <name>.debug_info</name>
         <load_address>0x174d</load_address>
         <run_address>0x174d</run_address>
         <size>0x143</size>
         <input_file_ref idref="fl-3"/>
      </object_component>
      <object_component id="oc-1e6">
         <name>.debug_info</name>
         <load_address>0x1890</load_address>
         <run_address>0x1890</run_address>
         <size>0x189</size>
         <input_file_ref idref="fl-3"/>
      </object_component>
      <object_component id="oc-375">
         <name>.debug_info</name>
         <load_address>0x1a19</load_address>
         <run_address>0x1a19</run_address>
         <size>0x2f0</size>
         <input_file_ref idref="fl-4"/>
      </object_component>
      <object_component id="oc-250">
         <name>.debug_info</name>
         <load_address>0x1d09</load_address>
         <run_address>0x1d09</run_address>
         <size>0x148</size>
         <input_file_ref idref="fl-4"/>
      </object_component>
      <object_component id="oc-36f">
         <name>.debug_info</name>
         <load_address>0x1e51</load_address>
         <run_address>0x1e51</run_address>
         <size>0x172</size>
         <input_file_ref idref="fl-4"/>
      </object_component>
      <object_component id="oc-308">
         <name>.debug_info</name>
         <load_address>0x1fc3</load_address>
         <run_address>0x1fc3</run_address>
         <size>0x19d</size>
         <input_file_ref idref="fl-4"/>
      </object_component>
      <object_component id="oc-337">
         <name>.debug_info</name>
         <load_address>0x2160</load_address>
         <run_address>0x2160</run_address>
         <size>0x165</size>
         <input_file_ref idref="fl-4"/>
      </object_component>
      <object_component id="oc-2f0">
         <name>.debug_info</name>
         <load_address>0x22c5</load_address>
         <run_address>0x22c5</run_address>
         <size>0x1c1</size>
         <input_file_ref idref="fl-4"/>
      </object_component>
      <object_component id="oc-34d">
         <name>.debug_info</name>
         <load_address>0x2486</load_address>
         <run_address>0x2486</run_address>
         <size>0x1af</size>
         <input_file_ref idref="fl-4"/>
      </object_component>
      <object_component id="oc-187">
         <name>.debug_info</name>
         <load_address>0x2635</load_address>
         <run_address>0x2635</run_address>
         <size>0x31d</size>
         <input_file_ref idref="fl-5"/>
      </object_component>
      <object_component id="oc-24a">
         <name>.debug_info</name>
         <load_address>0x2952</load_address>
         <run_address>0x2952</run_address>
         <size>0x14d</size>
         <input_file_ref idref="fl-5"/>
      </object_component>
      <object_component id="oc-33e">
         <name>.debug_info</name>
         <load_address>0x2a9f</load_address>
         <run_address>0x2a9f</run_address>
         <size>0x16d</size>
         <input_file_ref idref="fl-5"/>
      </object_component>
      <object_component id="oc-2a4">
         <name>.debug_info</name>
         <load_address>0x2c0c</load_address>
         <run_address>0x2c0c</run_address>
         <size>0x18a</size>
         <input_file_ref idref="fl-5"/>
      </object_component>
      <object_component id="oc-11b">
         <name>.debug_info</name>
         <load_address>0x2d96</load_address>
         <run_address>0x2d96</run_address>
         <size>0x152</size>
         <input_file_ref idref="fl-5"/>
      </object_component>
      <object_component id="oc-1c8">
         <name>.debug_info</name>
         <load_address>0x2ee8</load_address>
         <run_address>0x2ee8</run_address>
         <size>0x125</size>
         <input_file_ref idref="fl-6"/>
      </object_component>
      <object_component id="oc-189">
         <name>.debug_info</name>
         <load_address>0x300d</load_address>
         <run_address>0x300d</run_address>
         <size>0x4fa</size>
         <input_file_ref idref="fl-7"/>
      </object_component>
      <object_component id="oc-1ce">
         <name>.debug_info</name>
         <load_address>0x3507</load_address>
         <run_address>0x3507</run_address>
         <size>0x1b6</size>
         <input_file_ref idref="fl-7"/>
      </object_component>
      <object_component id="oc-244">
         <name>.debug_info</name>
         <load_address>0x36bd</load_address>
         <run_address>0x36bd</run_address>
         <size>0x18f</size>
         <input_file_ref idref="fl-7"/>
      </object_component>
      <object_component id="oc-115">
         <name>.debug_info</name>
         <load_address>0x384c</load_address>
         <run_address>0x384c</run_address>
         <size>0x124</size>
         <input_file_ref idref="fl-7"/>
      </object_component>
      <object_component id="oc-18b">
         <name>.debug_info</name>
         <load_address>0x3970</load_address>
         <run_address>0x3970</run_address>
         <size>0x41e</size>
         <input_file_ref idref="fl-8"/>
      </object_component>
      <object_component id="oc-305">
         <name>.debug_info</name>
         <load_address>0x3d8e</load_address>
         <run_address>0x3d8e</run_address>
         <size>0xd4</size>
         <input_file_ref idref="fl-8"/>
      </object_component>
      <object_component id="oc-2f9">
         <name>.debug_info</name>
         <load_address>0x3e62</load_address>
         <run_address>0x3e62</run_address>
         <size>0xdc</size>
         <input_file_ref idref="fl-8"/>
      </object_component>
      <object_component id="oc-2f6">
         <name>.debug_info</name>
         <load_address>0x3f3e</load_address>
         <run_address>0x3f3e</run_address>
         <size>0xdc</size>
         <input_file_ref idref="fl-8"/>
      </object_component>
      <object_component id="oc-2fc">
         <name>.debug_info</name>
         <load_address>0x401a</load_address>
         <run_address>0x401a</run_address>
         <size>0xdc</size>
         <input_file_ref idref="fl-8"/>
      </object_component>
      <object_component id="oc-256">
         <name>.debug_info</name>
         <load_address>0x40f6</load_address>
         <run_address>0x40f6</run_address>
         <size>0x5d0</size>
         <input_file_ref idref="fl-8"/>
      </object_component>
      <object_component id="oc-2ae">
         <name>.debug_info</name>
         <load_address>0x46c6</load_address>
         <run_address>0x46c6</run_address>
         <size>0x2b4</size>
         <input_file_ref idref="fl-8"/>
      </object_component>
      <object_component id="oc-29d">
         <name>.debug_info</name>
         <load_address>0x497a</load_address>
         <run_address>0x497a</run_address>
         <size>0x296</size>
         <input_file_ref idref="fl-8"/>
      </object_component>
      <object_component id="oc-25c">
         <name>.debug_info</name>
         <load_address>0x4c10</load_address>
         <run_address>0x4c10</run_address>
         <size>0x231</size>
         <input_file_ref idref="fl-8"/>
      </object_component>
      <object_component id="oc-2ff">
         <name>.debug_info</name>
         <load_address>0x4e41</load_address>
         <run_address>0x4e41</run_address>
         <size>0x175</size>
         <input_file_ref idref="fl-8"/>
      </object_component>
      <object_component id="oc-294">
         <name>.debug_info</name>
         <load_address>0x4fb6</load_address>
         <run_address>0x4fb6</run_address>
         <size>0x1a7</size>
         <input_file_ref idref="fl-8"/>
      </object_component>
      <object_component id="oc-2b4">
         <name>.debug_info</name>
         <load_address>0x515d</load_address>
         <run_address>0x515d</run_address>
         <size>0x1cb</size>
         <input_file_ref idref="fl-8"/>
      </object_component>
      <object_component id="oc-2ba">
         <name>.debug_info</name>
         <load_address>0x5328</load_address>
         <run_address>0x5328</run_address>
         <size>0x157</size>
         <input_file_ref idref="fl-8"/>
      </object_component>
      <object_component id="oc-347">
         <name>.debug_info</name>
         <load_address>0x547f</load_address>
         <run_address>0x547f</run_address>
         <size>0x201</size>
         <input_file_ref idref="fl-8"/>
      </object_component>
      <object_component id="oc-18d">
         <name>.debug_info</name>
         <load_address>0x5680</load_address>
         <run_address>0x5680</run_address>
         <size>0x5c8</size>
         <input_file_ref idref="fl-9"/>
      </object_component>
      <object_component id="oc-2ab">
         <name>.debug_info</name>
         <load_address>0x5c48</load_address>
         <run_address>0x5c48</run_address>
         <size>0xd2</size>
         <input_file_ref idref="fl-9"/>
      </object_component>
      <object_component id="oc-277">
         <name>.debug_info</name>
         <load_address>0x5d1a</load_address>
         <run_address>0x5d1a</run_address>
         <size>0x19c</size>
         <input_file_ref idref="fl-9"/>
      </object_component>
      <object_component id="oc-29a">
         <name>.debug_info</name>
         <load_address>0x5eb6</load_address>
         <run_address>0x5eb6</run_address>
         <size>0xcc</size>
         <input_file_ref idref="fl-9"/>
      </object_component>
      <object_component id="oc-1e0">
         <name>.debug_info</name>
         <load_address>0x5f82</load_address>
         <run_address>0x5f82</run_address>
         <size>0x3be</size>
         <input_file_ref idref="fl-9"/>
      </object_component>
      <object_component id="oc-31f">
         <name>.debug_info</name>
         <load_address>0x6340</load_address>
         <run_address>0x6340</run_address>
         <size>0x9d</size>
         <input_file_ref idref="fl-9"/>
      </object_component>
      <object_component id="oc-36a">
         <name>.debug_info</name>
         <load_address>0x63dd</load_address>
         <run_address>0x63dd</run_address>
         <size>0x286</size>
         <input_file_ref idref="fl-a"/>
      </object_component>
      <object_component id="oc-395">
         <name>.debug_info</name>
         <load_address>0x6663</load_address>
         <run_address>0x6663</run_address>
         <size>0xca</size>
         <input_file_ref idref="fl-a"/>
      </object_component>
      <object_component id="oc-2d9">
         <name>.debug_info</name>
         <load_address>0x672d</load_address>
         <run_address>0x672d</run_address>
         <size>0x134</size>
         <input_file_ref idref="fl-a"/>
      </object_component>
      <object_component id="oc-358">
         <name>.debug_info</name>
         <load_address>0x6861</load_address>
         <run_address>0x6861</run_address>
         <size>0x124</size>
         <input_file_ref idref="fl-a"/>
      </object_component>
      <object_component id="oc-38d">
         <name>.debug_info</name>
         <load_address>0x6985</load_address>
         <run_address>0x6985</run_address>
         <size>0x126</size>
         <input_file_ref idref="fl-a"/>
      </object_component>
      <object_component id="oc-35e">
         <name>.debug_info</name>
         <load_address>0x6aab</load_address>
         <run_address>0x6aab</run_address>
         <size>0x108</size>
         <input_file_ref idref="fl-a"/>
      </object_component>
      <object_component id="oc-364">
         <name>.debug_info</name>
         <load_address>0x6bb3</load_address>
         <run_address>0x6bb3</run_address>
         <size>0x116</size>
         <input_file_ref idref="fl-a"/>
      </object_component>
      <object_component id="oc-2cd">
         <name>.debug_info</name>
         <load_address>0x6cc9</load_address>
         <run_address>0x6cc9</run_address>
         <size>0x162</size>
         <input_file_ref idref="fl-a"/>
      </object_component>
      <object_component id="oc-1d4">
         <name>.debug_info</name>
         <load_address>0x6e2b</load_address>
         <run_address>0x6e2b</run_address>
         <size>0x109</size>
         <input_file_ref idref="fl-b"/>
      </object_component>
      <object_component id="oc-39e">
         <name>.debug_info</name>
         <load_address>0x6f34</load_address>
         <run_address>0x6f34</run_address>
         <size>0x175</size>
         <input_file_ref idref="fl-c"/>
      </object_component>
      <object_component id="oc-192">
         <name>.debug_info</name>
         <load_address>0x70a9</load_address>
         <run_address>0x70a9</run_address>
         <size>0x205</size>
         <input_file_ref idref="fl-d"/>
      </object_component>
      <object_component id="oc-1c2">
         <name>.debug_info</name>
         <load_address>0x72ae</load_address>
         <run_address>0x72ae</run_address>
         <size>0x107</size>
         <input_file_ref idref="fl-d"/>
      </object_component>
      <object_component id="oc-121">
         <name>.debug_info</name>
         <load_address>0x73b5</load_address>
         <run_address>0x73b5</run_address>
         <size>0x102</size>
         <input_file_ref idref="fl-d"/>
      </object_component>
      <object_component id="oc-196">
         <name>.debug_info</name>
         <load_address>0x74b7</load_address>
         <run_address>0x74b7</run_address>
         <size>0x102</size>
         <input_file_ref idref="fl-e"/>
      </object_component>
      <object_component id="oc-32a">
         <name>.debug_info</name>
         <load_address>0x75b9</load_address>
         <run_address>0x75b9</run_address>
         <size>0x107</size>
         <input_file_ref idref="fl-e"/>
      </object_component>
      <object_component id="oc-27c">
         <name>.debug_info</name>
         <load_address>0x76c0</load_address>
         <run_address>0x76c0</run_address>
         <size>0x14c</size>
         <input_file_ref idref="fl-e"/>
      </object_component>
      <object_component id="oc-127">
         <name>.debug_info</name>
         <load_address>0x780c</load_address>
         <run_address>0x780c</run_address>
         <size>0x10a</size>
         <input_file_ref idref="fl-e"/>
      </object_component>
      <object_component id="oc-f2">
         <name>.debug_info</name>
         <load_address>0x7916</load_address>
         <run_address>0x7916</run_address>
         <size>0xf6</size>
         <input_file_ref idref="fl-2a"/>
      </object_component>
      <object_component id="oc-6f">
         <name>.debug_info</name>
         <load_address>0x7a0c</load_address>
         <run_address>0x7a0c</run_address>
         <size>0x197</size>
         <input_file_ref idref="fl-2b"/>
      </object_component>
      <object_component id="oc-101">
         <name>.debug_info</name>
         <load_address>0x7ba3</load_address>
         <run_address>0x7ba3</run_address>
         <size>0x1b3</size>
         <input_file_ref idref="fl-2c"/>
      </object_component>
      <object_component id="oc-38">
         <name>.debug_info</name>
         <load_address>0x7d56</load_address>
         <run_address>0x7d56</run_address>
         <size>0x1e0</size>
         <input_file_ref idref="fl-2c"/>
      </object_component>
      <object_component id="oc-fc">
         <name>.debug_info</name>
         <load_address>0x7f36</load_address>
         <run_address>0x7f36</run_address>
         <size>0x46</size>
         <input_file_ref idref="fl-2c"/>
      </object_component>
      <object_component id="oc-175">
         <name>.debug_info</name>
         <load_address>0x7f7c</load_address>
         <run_address>0x7f7c</run_address>
         <size>0x2c</size>
         <input_file_ref idref="fl-2c"/>
      </object_component>
      <object_component id="oc-109">
         <name>.debug_info</name>
         <load_address>0x7fa8</load_address>
         <run_address>0x7fa8</run_address>
         <size>0x175</size>
         <input_file_ref idref="fl-2d"/>
      </object_component>
      <object_component id="oc-103">
         <name>.debug_info</name>
         <load_address>0x811d</load_address>
         <run_address>0x811d</run_address>
         <size>0x23b</size>
         <input_file_ref idref="fl-2d"/>
      </object_component>
      <object_component id="oc-3b">
         <name>.debug_info</name>
         <load_address>0x8358</load_address>
         <run_address>0x8358</run_address>
         <size>0x1b2</size>
         <input_file_ref idref="fl-2d"/>
      </object_component>
      <object_component id="oc-10a">
         <name>.debug_info</name>
         <load_address>0x850a</load_address>
         <run_address>0x850a</run_address>
         <size>0x39</size>
         <input_file_ref idref="fl-2d"/>
      </object_component>
      <object_component id="oc-170">
         <name>.debug_info</name>
         <load_address>0x8543</load_address>
         <run_address>0x8543</run_address>
         <size>0x2c</size>
         <input_file_ref idref="fl-2e"/>
      </object_component>
      <object_component id="oc-17d">
         <name>.debug_info</name>
         <load_address>0x856f</load_address>
         <run_address>0x856f</run_address>
         <size>0x127</size>
         <input_file_ref idref="fl-2f"/>
      </object_component>
      <object_component id="oc-15c">
         <name>.debug_info</name>
         <load_address>0x8696</load_address>
         <run_address>0x8696</run_address>
         <size>0x118</size>
         <input_file_ref idref="fl-30"/>
      </object_component>
      <object_component id="oc-110">
         <name>.debug_info</name>
         <load_address>0x87ae</load_address>
         <run_address>0x87ae</run_address>
         <size>0x108</size>
         <input_file_ref idref="fl-3b"/>
      </object_component>
      <object_component id="oc-3a7">
         <name>.debug_info</name>
         <load_address>0x88b6</load_address>
         <run_address>0x88b6</run_address>
         <size>0x119</size>
         <input_file_ref idref="fl-3c"/>
      </object_component>
      <object_component id="oc-16f">
         <name>.debug_info</name>
         <load_address>0x89cf</load_address>
         <run_address>0x89cf</run_address>
         <size>0x16e</size>
         <input_file_ref idref="fl-3d"/>
      </object_component>
      <object_component id="oc-f6">
         <name>.debug_info</name>
         <load_address>0x8b3d</load_address>
         <run_address>0x8b3d</run_address>
         <size>0x192</size>
         <input_file_ref idref="fl-3d"/>
      </object_component>
      <object_component id="oc-212">
         <name>.debug_info</name>
         <load_address>0x8ccf</load_address>
         <run_address>0x8ccf</run_address>
         <size>0x11a</size>
         <input_file_ref idref="fl-3f"/>
      </object_component>
      <object_component id="oc-325">
         <name>.debug_info</name>
         <load_address>0x8de9</load_address>
         <run_address>0x8de9</run_address>
         <size>0x11a</size>
         <input_file_ref idref="fl-40"/>
      </object_component>
      <object_component id="oc-134">
         <name>.debug_info</name>
         <load_address>0x8f03</load_address>
         <run_address>0x8f03</run_address>
         <size>0x149</size>
         <input_file_ref idref="fl-41"/>
      </object_component>
      <object_component id="oc-1a9">
         <name>.debug_info</name>
         <load_address>0x904c</load_address>
         <run_address>0x904c</run_address>
         <size>0x3b7</size>
         <input_file_ref idref="fl-44"/>
      </object_component>
      <object_component id="oc-13a">
         <name>.debug_info</name>
         <load_address>0x9403</load_address>
         <run_address>0x9403</run_address>
         <size>0x1c3</size>
         <input_file_ref idref="fl-44"/>
      </object_component>
      <object_component id="oc-21a">
         <name>.debug_info</name>
         <load_address>0x95c6</load_address>
         <run_address>0x95c6</run_address>
         <size>0x39</size>
         <input_file_ref idref="fl-44"/>
      </object_component>
      <object_component id="oc-21f">
         <name>.debug_info</name>
         <load_address>0x95ff</load_address>
         <run_address>0x95ff</run_address>
         <size>0xcd</size>
         <input_file_ref idref="fl-44"/>
      </object_component>
      <object_component id="oc-216">
         <name>.debug_info</name>
         <load_address>0x96cc</load_address>
         <run_address>0x96cc</run_address>
         <size>0x253</size>
         <input_file_ref idref="fl-45"/>
      </object_component>
      <object_component id="oc-19d">
         <name>.debug_info</name>
         <load_address>0x991f</load_address>
         <run_address>0x991f</run_address>
         <size>0x1b1</size>
         <input_file_ref idref="fl-45"/>
      </object_component>
      <object_component id="oc-2e2">
         <name>.debug_info</name>
         <load_address>0x9ad0</load_address>
         <run_address>0x9ad0</run_address>
         <size>0x2c</size>
         <input_file_ref idref="fl-45"/>
      </object_component>
      <object_component id="oc-1a4">
         <name>.debug_info</name>
         <load_address>0x9afc</load_address>
         <run_address>0x9afc</run_address>
         <size>0x146</size>
         <input_file_ref idref="fl-46"/>
      </object_component>
      <object_component id="oc-3e9">
         <name>.debug_info</name>
         <load_address>0x9c42</load_address>
         <run_address>0x9c42</run_address>
         <size>0x9c</size>
      </object_component>
      <object_component id="oc-240">
         <name>.debug_line</name>
         <load_address>0x0</load_address>
         <run_address>0x0</run_address>
         <size>0x1fc</size>
         <input_file_ref idref="fl-2"/>
      </object_component>
      <object_component id="oc-157">
         <name>.debug_line</name>
         <load_address>0x1fc</load_address>
         <run_address>0x1fc</run_address>
         <size>0x4a</size>
         <input_file_ref idref="fl-2"/>
      </object_component>
      <object_component id="oc-20a">
         <name>.debug_line</name>
         <load_address>0x246</load_address>
         <run_address>0x246</run_address>
         <size>0x54</size>
         <input_file_ref idref="fl-2"/>
      </object_component>
      <object_component id="oc-205">
         <name>.debug_line</name>
         <load_address>0x29a</load_address>
         <run_address>0x29a</run_address>
         <size>0x56</size>
         <input_file_ref idref="fl-2"/>
      </object_component>
      <object_component id="oc-1fe">
         <name>.debug_line</name>
         <load_address>0x2f0</load_address>
         <run_address>0x2f0</run_address>
         <size>0x56</size>
         <input_file_ref idref="fl-2"/>
      </object_component>
      <object_component id="oc-16c">
         <name>.debug_line</name>
         <load_address>0x346</load_address>
         <run_address>0x346</run_address>
         <size>0x20</size>
         <input_file_ref idref="fl-2"/>
      </object_component>
      <object_component id="oc-1f5">
         <name>.debug_line</name>
         <load_address>0x366</load_address>
         <run_address>0x366</run_address>
         <size>0x62</size>
         <input_file_ref idref="fl-2"/>
      </object_component>
      <object_component id="oc-383">
         <name>.debug_line</name>
         <load_address>0x3c8</load_address>
         <run_address>0x3c8</run_address>
         <size>0x54</size>
         <input_file_ref idref="fl-3"/>
      </object_component>
      <object_component id="oc-312">
         <name>.debug_line</name>
         <load_address>0x41c</load_address>
         <run_address>0x41c</run_address>
         <size>0x32</size>
         <input_file_ref idref="fl-3"/>
      </object_component>
      <object_component id="oc-310">
         <name>.debug_line</name>
         <load_address>0x44e</load_address>
         <run_address>0x44e</run_address>
         <size>0x32</size>
         <input_file_ref idref="fl-3"/>
      </object_component>
      <object_component id="oc-316">
         <name>.debug_line</name>
         <load_address>0x480</load_address>
         <run_address>0x480</run_address>
         <size>0x32</size>
         <input_file_ref idref="fl-3"/>
      </object_component>
      <object_component id="oc-385">
         <name>.debug_line</name>
         <load_address>0x4b2</load_address>
         <run_address>0x4b2</run_address>
         <size>0x32</size>
         <input_file_ref idref="fl-3"/>
      </object_component>
      <object_component id="oc-318">
         <name>.debug_line</name>
         <load_address>0x4e4</load_address>
         <run_address>0x4e4</run_address>
         <size>0x32</size>
         <input_file_ref idref="fl-3"/>
      </object_component>
      <object_component id="oc-291">
         <name>.debug_line</name>
         <load_address>0x516</load_address>
         <run_address>0x516</run_address>
         <size>0x49</size>
         <input_file_ref idref="fl-3"/>
      </object_component>
      <object_component id="oc-28b">
         <name>.debug_line</name>
         <load_address>0x55f</load_address>
         <run_address>0x55f</run_address>
         <size>0x4c</size>
         <input_file_ref idref="fl-3"/>
      </object_component>
      <object_component id="oc-285">
         <name>.debug_line</name>
         <load_address>0x5ab</load_address>
         <run_address>0x5ab</run_address>
         <size>0x4c</size>
         <input_file_ref idref="fl-3"/>
      </object_component>
      <object_component id="oc-2c3">
         <name>.debug_line</name>
         <load_address>0x5f7</load_address>
         <run_address>0x5f7</run_address>
         <size>0x48</size>
         <input_file_ref idref="fl-3"/>
      </object_component>
      <object_component id="oc-2d6">
         <name>.debug_line</name>
         <load_address>0x63f</load_address>
         <run_address>0x63f</run_address>
         <size>0x54</size>
         <input_file_ref idref="fl-3"/>
      </object_component>
      <object_component id="oc-2c9">
         <name>.debug_line</name>
         <load_address>0x693</load_address>
         <run_address>0x693</run_address>
         <size>0x54</size>
         <input_file_ref idref="fl-3"/>
      </object_component>
      <object_component id="oc-1dd">
         <name>.debug_line</name>
         <load_address>0x6e7</load_address>
         <run_address>0x6e7</run_address>
         <size>0x4a</size>
         <input_file_ref idref="fl-3"/>
      </object_component>
      <object_component id="oc-273">
         <name>.debug_line</name>
         <load_address>0x731</load_address>
         <run_address>0x731</run_address>
         <size>0x4c</size>
         <input_file_ref idref="fl-3"/>
      </object_component>
      <object_component id="oc-1e9">
         <name>.debug_line</name>
         <load_address>0x77d</load_address>
         <run_address>0x77d</run_address>
         <size>0x87</size>
         <input_file_ref idref="fl-3"/>
      </object_component>
      <object_component id="oc-39c">
         <name>.debug_line</name>
         <load_address>0x804</load_address>
         <run_address>0x804</run_address>
         <size>0xc4</size>
         <input_file_ref idref="fl-4"/>
      </object_component>
      <object_component id="oc-253">
         <name>.debug_line</name>
         <load_address>0x8c8</load_address>
         <run_address>0x8c8</run_address>
         <size>0x6b</size>
         <input_file_ref idref="fl-4"/>
      </object_component>
      <object_component id="oc-372">
         <name>.debug_line</name>
         <load_address>0x933</load_address>
         <run_address>0x933</run_address>
         <size>0x65</size>
         <input_file_ref idref="fl-4"/>
      </object_component>
      <object_component id="oc-30b">
         <name>.debug_line</name>
         <load_address>0x998</load_address>
         <run_address>0x998</run_address>
         <size>0x63</size>
         <input_file_ref idref="fl-4"/>
      </object_component>
      <object_component id="oc-33a">
         <name>.debug_line</name>
         <load_address>0x9fb</load_address>
         <run_address>0x9fb</run_address>
         <size>0x62</size>
         <input_file_ref idref="fl-4"/>
      </object_component>
      <object_component id="oc-2f3">
         <name>.debug_line</name>
         <load_address>0xa5d</load_address>
         <run_address>0xa5d</run_address>
         <size>0x63</size>
         <input_file_ref idref="fl-4"/>
      </object_component>
      <object_component id="oc-350">
         <name>.debug_line</name>
         <load_address>0xac0</load_address>
         <run_address>0xac0</run_address>
         <size>0x6a</size>
         <input_file_ref idref="fl-4"/>
      </object_component>
      <object_component id="oc-1f1">
         <name>.debug_line</name>
         <load_address>0xb2a</load_address>
         <run_address>0xb2a</run_address>
         <size>0x107</size>
         <input_file_ref idref="fl-5"/>
      </object_component>
      <object_component id="oc-24d">
         <name>.debug_line</name>
         <load_address>0xc31</load_address>
         <run_address>0xc31</run_address>
         <size>0x67</size>
         <input_file_ref idref="fl-5"/>
      </object_component>
      <object_component id="oc-341">
         <name>.debug_line</name>
         <load_address>0xc98</load_address>
         <run_address>0xc98</run_address>
         <size>0x65</size>
         <input_file_ref idref="fl-5"/>
      </object_component>
      <object_component id="oc-2a7">
         <name>.debug_line</name>
         <load_address>0xcfd</load_address>
         <run_address>0xcfd</run_address>
         <size>0x66</size>
         <input_file_ref idref="fl-5"/>
      </object_component>
      <object_component id="oc-11e">
         <name>.debug_line</name>
         <load_address>0xd63</load_address>
         <run_address>0xd63</run_address>
         <size>0x61</size>
         <input_file_ref idref="fl-5"/>
      </object_component>
      <object_component id="oc-1cb">
         <name>.debug_line</name>
         <load_address>0xdc4</load_address>
         <run_address>0xdc4</run_address>
         <size>0x50</size>
         <input_file_ref idref="fl-6"/>
      </object_component>
      <object_component id="oc-1f8">
         <name>.debug_line</name>
         <load_address>0xe14</load_address>
         <run_address>0xe14</run_address>
         <size>0x173</size>
         <input_file_ref idref="fl-7"/>
      </object_component>
      <object_component id="oc-1d1">
         <name>.debug_line</name>
         <load_address>0xf87</load_address>
         <run_address>0xf87</run_address>
         <size>0x5a</size>
         <input_file_ref idref="fl-7"/>
      </object_component>
      <object_component id="oc-247">
         <name>.debug_line</name>
         <load_address>0xfe1</load_address>
         <run_address>0xfe1</run_address>
         <size>0x77</size>
         <input_file_ref idref="fl-7"/>
      </object_component>
      <object_component id="oc-118">
         <name>.debug_line</name>
         <load_address>0x1058</load_address>
         <run_address>0x1058</run_address>
         <size>0x62</size>
         <input_file_ref idref="fl-7"/>
      </object_component>
      <object_component id="oc-1fa">
         <name>.debug_line</name>
         <load_address>0x10ba</load_address>
         <run_address>0x10ba</run_address>
         <size>0x168</size>
         <input_file_ref idref="fl-8"/>
      </object_component>
      <object_component id="oc-380">
         <name>.debug_line</name>
         <load_address>0x1222</load_address>
         <run_address>0x1222</run_address>
         <size>0x39</size>
         <input_file_ref idref="fl-8"/>
      </object_component>
      <object_component id="oc-37b">
         <name>.debug_line</name>
         <load_address>0x125b</load_address>
         <run_address>0x125b</run_address>
         <size>0x39</size>
         <input_file_ref idref="fl-8"/>
      </object_component>
      <object_component id="oc-379">
         <name>.debug_line</name>
         <load_address>0x1294</load_address>
         <run_address>0x1294</run_address>
         <size>0x39</size>
         <input_file_ref idref="fl-8"/>
      </object_component>
      <object_component id="oc-37d">
         <name>.debug_line</name>
         <load_address>0x12cd</load_address>
         <run_address>0x12cd</run_address>
         <size>0x39</size>
         <input_file_ref idref="fl-8"/>
      </object_component>
      <object_component id="oc-259">
         <name>.debug_line</name>
         <load_address>0x1306</load_address>
         <run_address>0x1306</run_address>
         <size>0xab</size>
         <input_file_ref idref="fl-8"/>
      </object_component>
      <object_component id="oc-2b1">
         <name>.debug_line</name>
         <load_address>0x13b1</load_address>
         <run_address>0x13b1</run_address>
         <size>0x68</size>
         <input_file_ref idref="fl-8"/>
      </object_component>
      <object_component id="oc-2a0">
         <name>.debug_line</name>
         <load_address>0x1419</load_address>
         <run_address>0x1419</run_address>
         <size>0x83</size>
         <input_file_ref idref="fl-8"/>
      </object_component>
      <object_component id="oc-25f">
         <name>.debug_line</name>
         <load_address>0x149c</load_address>
         <run_address>0x149c</run_address>
         <size>0x5d</size>
         <input_file_ref idref="fl-8"/>
      </object_component>
      <object_component id="oc-302">
         <name>.debug_line</name>
         <load_address>0x14f9</load_address>
         <run_address>0x14f9</run_address>
         <size>0x50</size>
         <input_file_ref idref="fl-8"/>
      </object_component>
      <object_component id="oc-297">
         <name>.debug_line</name>
         <load_address>0x1549</load_address>
         <run_address>0x1549</run_address>
         <size>0x57</size>
         <input_file_ref idref="fl-8"/>
      </object_component>
      <object_component id="oc-2b7">
         <name>.debug_line</name>
         <load_address>0x15a0</load_address>
         <run_address>0x15a0</run_address>
         <size>0x61</size>
         <input_file_ref idref="fl-8"/>
      </object_component>
      <object_component id="oc-2bd">
         <name>.debug_line</name>
         <load_address>0x1601</load_address>
         <run_address>0x1601</run_address>
         <size>0x4f</size>
         <input_file_ref idref="fl-8"/>
      </object_component>
      <object_component id="oc-34a">
         <name>.debug_line</name>
         <load_address>0x1650</load_address>
         <run_address>0x1650</run_address>
         <size>0x60</size>
         <input_file_ref idref="fl-8"/>
      </object_component>
      <object_component id="oc-201">
         <name>.debug_line</name>
         <load_address>0x16b0</load_address>
         <run_address>0x16b0</run_address>
         <size>0x1a9</size>
         <input_file_ref idref="fl-9"/>
      </object_component>
      <object_component id="oc-345">
         <name>.debug_line</name>
         <load_address>0x1859</load_address>
         <run_address>0x1859</run_address>
         <size>0x3a</size>
         <input_file_ref idref="fl-9"/>
      </object_component>
      <object_component id="oc-31e">
         <name>.debug_line</name>
         <load_address>0x1893</load_address>
         <run_address>0x1893</run_address>
         <size>0x3a</size>
         <input_file_ref idref="fl-9"/>
      </object_component>
      <object_component id="oc-335">
         <name>.debug_line</name>
         <load_address>0x18cd</load_address>
         <run_address>0x18cd</run_address>
         <size>0x3a</size>
         <input_file_ref idref="fl-9"/>
      </object_component>
      <object_component id="oc-1e3">
         <name>.debug_line</name>
         <load_address>0x1907</load_address>
         <run_address>0x1907</run_address>
         <size>0x16a</size>
         <input_file_ref idref="fl-9"/>
      </object_component>
      <object_component id="oc-322">
         <name>.debug_line</name>
         <load_address>0x1a71</load_address>
         <run_address>0x1a71</run_address>
         <size>0x3a</size>
         <input_file_ref idref="fl-9"/>
      </object_component>
      <object_component id="oc-399">
         <name>.debug_line</name>
         <load_address>0x1aab</load_address>
         <run_address>0x1aab</run_address>
         <size>0xbc</size>
         <input_file_ref idref="fl-a"/>
      </object_component>
      <object_component id="oc-3a5">
         <name>.debug_line</name>
         <load_address>0x1b67</load_address>
         <run_address>0x1b67</run_address>
         <size>0x30</size>
[...]
      </symbol>
      <symbol id="sm-61">
         <name>TLV_ADC10_1_TAG</name>
         <value>0x10da</value>
      </symbol>
      <symbol id="sm-62">
         <name>TLV_ADC10_1_LEN</name>
         <value>0x10db</value>
      </symbol>
      <symbol id="sm-63">
         <name>__TI_CINIT_Base</name>
         <value>0xcf18</value>
      </symbol>
      <symbol id="sm-64">
         <name>__TI_CINIT_Limit</name>
         <value>0xcf20</value>
      </symbol>
      <symbol id="sm-65">
         <name>__TI_Handler_Table_Base</name>
         <value>0xcf14</value>
      </symbol>
      <symbol id="sm-66">
         <name>__TI_Handler_Table_Limit</name>
         <value>0xcf18</value>
      </symbol>
      <symbol id="sm-67">
         <name>__STACK_SIZE</name>
         <value>0x50</value>
      </symbol>
      <symbol id="sm-68">
         <name>__STACK_END</name>
         <value>0x400</value>
      </symbol>
      <symbol id="sm-69">
         <name>__c_args__</name>
         <value>0xffffffff</value>
      </symbol>
      <symbol id="sm-6a">
         <name>__TI_pprof_out_hndl</name>
         <value>0xffffffff</value>
      </symbol>
      <symbol id="sm-6b">
         <name>__TI_prof_data_start</name>
         <value>0xffffffff</value>
      </symbol>
      <symbol id="sm-6c">
         <name>__TI_prof_data_size</name>
         <value>0xffffffff</value>
      </symbol>
      <symbol id="sm-c0">
         <name>error</name>
         <value>0x2c1</value>
      </symbol>
      <symbol id="sm-c1">
         <name>cntr</name>
         <value>0x2bf</value>
      </symbol>
      <symbol id="sm-c2">
         <name>main</name>
         <value>0xcb5e</value>
         <object_component_ref idref="oc-153"/>
      </symbol>
      <symbol id="sm-139">
         <name>ADCMGR_init</name>
         <value>0xccae</value>
         <object_component_ref idref="oc-1d9"/>
      </symbol>
      <symbol id="sm-13a">
         <name>ADCMGR_getHum</name>
         <value>0xce3e</value>
         <object_component_ref idref="oc-287"/>
      </symbol>
      <symbol id="sm-13b">
         <name>ADCMGR_getBattery</name>
         <value>0xce34</value>
         <object_component_ref idref="oc-281"/>
      </symbol>
      <symbol id="sm-13c">
         <name>ADCMGR_cyclic</name>
         <value>0xc4f8</value>
         <object_component_ref idref="oc-1e5"/>
      </symbol>
      <symbol id="sm-13d">
         <name>ADCMGR_addCmdToQueue</name>
         <value>0xc988</value>
         <object_component_ref idref="oc-2c5"/>
      </symbol>
      <symbol id="sm-13e">
         <name>readCmdFromQueue</name>
         <value>0xcb34</value>
         <object_component_ref idref="oc-2d2"/>
      </symbol>
      <symbol id="sm-13f">
         <name>ADCMGR_getTemp</name>
         <value>0xce48</value>
         <object_component_ref idref="oc-28d"/>
      </symbol>
      <symbol id="sm-140">
         <name>initCmdQueue</name>
         <value>0xcc90</value>
         <object_component_ref idref="oc-26f"/>
      </symbol>
      <symbol id="sm-141">
         <name>priv_commands</name>
         <value>0xceea</value>
         <object_component_ref idref="oc-266"/>
      </symbol>
      <symbol id="sm-142">
         <name>ADCMGR_getCmdQueue</name>
         <value>0xce6e</value>
         <object_component_ref idref="oc-2bf"/>
      </symbol>
      <symbol id="sm-175">
         <name>dummy</name>
         <value>0x2c0</value>
      </symbol>
      <symbol id="sm-176">
         <name>Spi_Send</name>
         <value>0xcce4</value>
         <object_component_ref idref="oc-36e"/>
      </symbol>
      <symbol id="sm-177">
         <name>SPI_Conf_Write_Register</name>
         <value>0xcc72</value>
         <object_component_ref idref="oc-2ef"/>
      </symbol>
      <symbol id="sm-178">
         <name>SPI_Data_Write</name>
         <value>0xccca</value>
         <object_component_ref idref="oc-34c"/>
      </symbol>
      <symbol id="sm-179">
         <name>SPI_Conf_Read_Register</name>
         <value>0xcbd0</value>
         <object_component_ref idref="oc-307"/>
      </symbol>
      <symbol id="sm-17a">
         <name>SPI_Init</name>
         <value>0xc8e6</value>
         <object_component_ref idref="oc-24f"/>
      </symbol>
      <symbol id="sm-17b">
         <name>SPI_Data_Read</name>
         <value>0xcde2</value>
         <object_component_ref idref="oc-336"/>
      </symbol>
      <symbol id="sm-1a2">
         <name>uart_buf_size</name>
         <value>0x2c2</value>
      </symbol>
      <symbol id="sm-1a3">
         <name>uart_rcv_buf</name>
         <value>0x280</value>
      </symbol>
      <symbol id="sm-1a4">
         <name>USCI0RX_ISR</name>
         <value>0xcc34</value>
         <object_component_ref idref="oc-11a"/>
      </symbol>
      <symbol id="sm-1a5">
         <name>__TI_int07</name>
         <value>0xffee</value>
         <object_component_ref idref="oc-45"/>
      </symbol>
      <symbol id="sm-1a6">
         <name>UART_Send_Data</name>
         <value>0xcdac</value>
         <object_component_ref idref="oc-2a3"/>
      </symbol>
      <symbol id="sm-1a7">
         <name>UART_Send_Byte</name>
         <value>0xcd60</value>
         <object_component_ref idref="oc-33d"/>
      </symbol>
      <symbol id="sm-1a8">
         <name>UART_Init</name>
         <value>0xcbf2</value>
         <object_component_ref idref="oc-249"/>
      </symbol>
      <symbol id="sm-1b1">
         <name>GPIO_setup</name>
         <value>0xce52</value>
         <object_component_ref idref="oc-1c7"/>
      </symbol>
      <symbol id="sm-1d5">
         <name>TxPacket</name>
         <value>0x240</value>
      </symbol>
      <symbol id="sm-1d6">
         <name>RxPacket</name>
         <value>0x200</value>
      </symbol>
      <symbol id="sm-1d7">
         <name>__TI_int03</name>
         <value>0xffe6</value>
         <object_component_ref idref="oc-42"/>
      </symbol>
      <symbol id="sm-1d8">
         <name>Port_2</name>
         <value>0xcc14</value>
         <object_component_ref idref="oc-114"/>
      </symbol>
      <symbol id="sm-1d9">
         <name>System_Init</name>
         <value>0xca1c</value>
         <object_component_ref idref="oc-1cd"/>
      </symbol>
      <symbol id="sm-1da">
         <name>System_Set_Speed</name>
         <value>0xc82c</value>
         <object_component_ref idref="oc-243"/>
      </symbol>
      <symbol id="sm-253">
         <name>Radio_Calculate_RSSI</name>
         <value>0xce74</value>
         <object_component_ref idref="oc-2b9"/>
      </symbol>
      <symbol id="sm-254">
         <name>P_VALUE_CH_</name>
         <value>0xcea8</value>
         <object_component_ref idref="oc-2f8"/>
      </symbol>
      <symbol id="sm-255">
         <name>_Add_Address_To_Packet</name>
         <value>0xcad0</value>
         <object_component_ref idref="oc-346"/>
      </symbol>
      <symbol id="sm-256">
         <name>R_VALUE_CH_</name>
         <value>0xcebe</value>
         <object_component_ref idref="oc-2f5"/>
      </symbol>
      <symbol id="sm-257">
         <name>S_VALUE_CH_</name>
         <value>0xced4</value>
         <object_component_ref idref="oc-2fb"/>
      </symbol>
      <symbol id="sm-258">
         <name>Radio_Set_Mode</name>
         <value>0xca60</value>
         <object_component_ref idref="oc-293"/>
      </symbol>
      <symbol id="sm-259">
         <name>Radio_Set_TxPower</name>
         <value>0xcd88</value>
         <object_component_ref idref="oc-2fe"/>
      </symbol>
      <symbol id="sm-25a">
         <name>vcotune</name>
         <value>0x2e4</value>
         <object_component_ref idref="oc-304"/>
      </symbol>
      <symbol id="sm-25b">
         <name>Radio_Get_RSSI</name>
         <value>0xc9d2</value>
         <object_component_ref idref="oc-2b3"/>
      </symbol>
      <symbol id="sm-25c">
         <name>Radio_Init</name>
         <value>0xc2ca</value>
         <object_component_ref idref="oc-255"/>
      </symbol>
      <symbol id="sm-25d">
         <name>Radio_Rx</name>
         <value>0xc5a2</value>
         <object_component_ref idref="oc-29c"/>
      </symbol>
      <symbol id="sm-25e">
         <name>Radio_Set_Channel</name>
         <value>0xc6e0</value>
         <object_component_ref idref="oc-25b"/>
      </symbol>
      <symbol id="sm-25f">
         <name>Radio_Tx</name>
         <value>0xc64a</value>
         <object_component_ref idref="oc-2ad"/>
      </symbol>
      <symbol id="sm-2a3">
         <name>APP_cyclic</name>
         <value>0xc000</value>
         <object_component_ref idref="oc-1df"/>
      </symbol>
      <symbol id="sm-2e3">
         <name>startConversion</name>
         <value>0xcd32</value>
         <object_component_ref idref="oc-357"/>
      </symbol>
      <symbol id="sm-2e4">
         <name>checkIfADCBusy</name>
         <value>0xce10</value>
         <object_component_ref idref="oc-38c"/>
      </symbol>
      <symbol id="sm-2e5">
         <name>ADC_measure</name>
         <value>0xcbac</value>
         <object_component_ref idref="oc-2cc"/>
      </symbol>
      <symbol id="sm-2e6">
         <name>ADC_configureADC</name>
         <value>0xca9a</value>
         <object_component_ref idref="oc-2d8"/>
      </symbol>
      <symbol id="sm-2ef">
         <name>CLK_initClk</name>
         <value>0xcc54</value>
         <object_component_ref idref="oc-1d3"/>
      </symbol>
      <symbol id="sm-2f8">
         <name>MISC_checkIsBitSet</name>
         <value>0xce5c</value>
         <object_component_ref idref="oc-39d"/>
      </symbol>
      <symbol id="sm-30d">
         <name>time</name>
         <value>0x2a8</value>
      </symbol>
      <symbol id="sm-30e">
         <name>__TI_int09</name>
         <value>0xfff2</value>
         <object_component_ref idref="oc-47"/>
      </symbol>
      <symbol id="sm-30f">
         <name>timer_init</name>
         <value>0xcd4a</value>
         <object_component_ref idref="oc-1c1"/>
      </symbol>
      <symbol id="sm-310">
         <name>Timer_A</name>
         <value>0xcd9a</value>
         <object_component_ref idref="oc-120"/>
      </symbol>
      <symbol id="sm-330">
         <name>__TI_int10</name>
         <value>0xfff4</value>
         <object_component_ref idref="oc-48"/>
      </symbol>
      <symbol id="sm-331">
         <name>wdtCounter</name>
         <value>0x2da</value>
         <object_component_ref idref="oc-195"/>
      </symbol>
      <symbol id="sm-332">
         <name>WDT_configure</name>
         <value>0xce02</value>
         <object_component_ref idref="oc-329"/>
      </symbol>
      <symbol id="sm-333">
         <name>watchdog_timer</name>
         <value>0xcb06</value>
         <object_component_ref idref="oc-126"/>
      </symbol>
      <symbol id="sm-334">
         <name>WDT_setWatchdog</name>
         <value>0xccfe</value>
         <object_component_ref idref="oc-27b"/>
      </symbol>
      <symbol id="sm-335">
         <name>wdtCurrentPeriod</name>
         <value>0x2de</value>
         <object_component_ref idref="oc-195"/>
      </symbol>
      <symbol id="sm-33e">
         <name>_stack</name>
         <value>0x3b0</value>
         <object_component_ref idref="oc-f1"/>
      </symbol>
      <symbol id="sm-33f">
         <name>_reset_vector</name>
         <value>0xfffe</value>
         <object_component_ref idref="oc-f4"/>
      </symbol>
      <symbol id="sm-349">
         <name>_c_int00_noargs_noexit</name>
         <value>0xcd18</value>
         <object_component_ref idref="oc-6b"/>
      </symbol>
      <symbol id="sm-35f">
         <name>__TI_decompress_none</name>
         <value>0xcdbe</value>
         <object_component_ref idref="oc-34"/>
      </symbol>
      <symbol id="sm-381">
         <name>__TI_decompress_rle24</name>
         <value>0xce80</value>
         <object_component_ref idref="oc-3a"/>
      </symbol>
      <symbol id="sm-390">
         <name>__mspabi_func_epilog_2</name>
         <value>0xcdfc</value>
         <object_component_ref idref="oc-17c"/>
      </symbol>
      <symbol id="sm-391">
         <name>__mspabi_func_epilog_3</name>
         <value>0xcdfa</value>
         <object_component_ref idref="oc-17c"/>
      </symbol>
      <symbol id="sm-392">
         <name>__mspabi_func_epilog_1</name>
         <value>0xcdfe</value>
         <object_component_ref idref="oc-17c"/>
      </symbol>
      <symbol id="sm-393">
         <name>__mspabi_func_epilog_6</name>
         <value>0xcdf4</value>
         <object_component_ref idref="oc-17c"/>
      </symbol>
      <symbol id="sm-394">
         <name>__mspabi_func_epilog_7</name>
         <value>0xcdf2</value>
         <object_component_ref idref="oc-17c"/>
      </symbol>
      <symbol id="sm-395">
         <name>__mspabi_func_epilog_4</name>
         <value>0xcdf8</value>
         <object_component_ref idref="oc-17c"/>
      </symbol>
      <symbol id="sm-396">
         <name>__mspabi_func_epilog_5</name>
         <value>0xcdf6</value>
         <object_component_ref idref="oc-17c"/>
      </symbol>
      <symbol id="sm-3a0">
         <name>C$$EXIT</name>
         <value>0xce7a</value>
         <object_component_ref idref="oc-15b"/>
      </symbol>
      <symbol id="sm-3a1">
         <name>abort</name>
         <value>0xce7a</value>
         <object_component_ref idref="oc-15b"/>
      </symbol>
      <symbol id="sm-3a5">
         <name>__TI_int00</name>
         <value>0xffe0</value>
         <object_component_ref idref="oc-40"/>
      </symbol>
      <symbol id="sm-3a8">
         <name>__TI_int02</name>
         <value>0xffe4</value>
         <object_component_ref idref="oc-41"/>
      </symbol>
      <symbol id="sm-3ab">
         <name>__TI_int05</name>
         <value>0xffea</value>
         <object_component_ref idref="oc-43"/>
      </symbol>
      <symbol id="sm-3ae">
         <name>__TI_int06</name>
         <value>0xffec</value>
         <object_component_ref idref="oc-44"/>
      </symbol>
      <symbol id="sm-3b1">
         <name>__TI_int08</name>
         <value>0xfff0</value>
         <object_component_ref idref="oc-46"/>
      </symbol>
      <symbol id="sm-3b4">
         <name>__TI_int11</name>
         <value>0xfff6</value>
         <object_component_ref idref="oc-49"/>
      </symbol>
      <symbol id="sm-3b7">
         <name>__TI_int12</name>
         <value>0xfff8</value>
         <object_component_ref idref="oc-4a"/>
      </symbol>
      <symbol id="sm-3ba">
         <name>__TI_int13</name>
         <value>0xfffa</value>
         <object_component_ref idref="oc-4b"/>
      </symbol>
      <symbol id="sm-3bd">
         <name>__TI_int14</name>
         <value>0xfffc</value>
         <object_component_ref idref="oc-4c"/>
      </symbol>
      <symbol id="sm-3c5">
         <name>__TI_ISR_TRAP</name>
         <value>0xce66</value>
         <object_component_ref idref="oc-10f"/>
      </symbol>
      <symbol id="sm-3cd">
         <name>__mspabi_srli_8</name>
         <value>0xc966</value>
         <object_component_ref idref="oc-3a6"/>
      </symbol>
      <symbol id="sm-3ce">
         <name>__mspabi_srli_9</name>
         <value>0xc962</value>
         <object_component_ref idref="oc-3a6"/>
      </symbol>
      <symbol id="sm-3cf">
         <name>__mspabi_srli_6</name>
         <value>0xc96e</value>
         <object_component_ref idref="oc-3a6"/>
      </symbol>
      <symbol id="sm-3d0">
         <name>__mspabi_srli_7</name>
         <value>0xc96a</value>
         <object_component_ref idref="oc-3a6"/>
      </symbol>
      <symbol id="sm-3d1">
         <name>__mspabi_srli_4</name>
         <value>0xc976</value>
         <object_component_ref idref="oc-3a6"/>
      </symbol>
      <symbol id="sm-3d2">
         <name>__mspabi_srli_5</name>
         <value>0xc972</value>
         <object_component_ref idref="oc-3a6"/>
      </symbol>
      <symbol id="sm-3d3">
         <name>__mspabi_srli_2</name>
         <value>0xc97e</value>
         <object_component_ref idref="oc-3a6"/>
      </symbol>
      <symbol id="sm-3d4">
         <name>__mspabi_srli_3</name>
         <value>0xc97a</value>
         <object_component_ref idref="oc-3a6"/>
      </symbol>
      <symbol id="sm-3d5">
         <name>__mspabi_srli_1</name>
         <value>0xc982</value>
         <object_component_ref idref="oc-3a6"/>
      </symbol>
      <symbol id="sm-3d6">
         <name>__mspabi_srli</name>
         <value>0xc93c</value>
         <object_component_ref idref="oc-3a6"/>
      </symbol>
      <symbol id="sm-3d7">
         <name>__mspabi_srli_15</name>
         <value>0xc94a</value>
         <object_component_ref idref="oc-3a6"/>
      </symbol>
      <symbol id="sm-3d8">
         <name>__mspabi_srli_14</name>
         <value>0xc94e</value>
         <object_component_ref idref="oc-3a6"/>
      </symbol>
      <symbol id="sm-3d9">
         <name>__mspabi_srli_13</name>
         <value>0xc952</value>
         <object_component_ref idref="oc-3a6"/>
      </symbol>
      <symbol id="sm-3da">
         <name>__mspabi_srli_12</name>
         <value>0xc956</value>
         <object_component_ref idref="oc-3a6"/>
      </symbol>
      <symbol id="sm-3db">
         <name>__mspabi_srli_11</name>
         <value>0xc95a</value>
         <object_component_ref idref="oc-3a6"/>
      </symbol>
      <symbol id="sm-3dc">
         <name>__mspabi_srli_10</name>
         <value>0xc95e</value>
         <object_component_ref idref="oc-3a6"/>
      </symbol>
      <symbol id="sm-3ea">
         <name>memcpy</name>
         <value>0xcdd0</value>
         <object_component_ref idref="oc-f5"/>
      </symbol>
      <symbol id="sm-3f5">
         <name>__mspabi_mpyi_sw</name>
         <value>0xcd74</value>
         <object_component_ref idref="oc-210"/>
      </symbol>
      <symbol id="sm-3f6">
         <name>__mspabi_mpyi</name>
         <value>0xcd74</value>
         <object_component_ref idref="oc-210"/>
      </symbol>
      <symbol id="sm-400">
         <name>__mspabi_mpyl_sw</name>
         <value>0xcb86</value>
         <object_component_ref idref="oc-324"/>
      </symbol>
      <symbol id="sm-401">
         <name>__mspabi_mpyl</name>
         <value>0xcb86</value>
         <object_component_ref idref="oc-324"/>
      </symbol>
      <symbol id="sm-40a">
         <name>_system_pre_init</name>
         <value>0xce86</value>
         <object_component_ref idref="oc-133"/>
      </symbol>
      <symbol id="sm-428">
         <name>_auto_init</name>
         <value>0xc75a</value>
         <object_component_ref idref="oc-139"/>
      </symbol>
      <symbol id="sm-43e">
         <name>copy_in</name>
         <value>0xc88c</value>
         <object_component_ref idref="oc-19c"/>
      </symbol>
      <symbol id="sm-447">
         <name>_system_post_cinit</name>
         <value>0xce8a</value>
         <object_component_ref idref="oc-1a2"/>
      </symbol>
      <symbol id="sm-44a">
         <name>__TI_BINIT_Base</name>
         <value>0x0</value>
      </symbol>
      <symbol id="sm-44b">
         <name>__TI_BINIT_Limit</name>
         <value>0x0</value>
      </symbol>
      <symbol id="sm-44c">
         <name>__TI_INITARRAY_Base</name>
         <value>0x0</value>
      </symbol>
      <symbol id="sm-44d">
         <name>__TI_INITARRAY_Limit</name>
         <value>0x0</value>
      </symbol>
   </symbol_table>
   <title>Link successful</title>
</link_info>
