******************************************************************************
                  MSP430 Linker PC v15.12.3                    
******************************************************************************
>> Linked Mon May 08 15:26:32 2017

OUTPUT FILE NAME:   <LILLEPOTT.out>
ENTRY POINT SYMBOL: "_c_int00_noargs_noexit"  address: 0000cd18


MEMORY CONFIGURATION

         name            origin    length      used     unused   attr    fill
----------------------  --------  ---------  --------  --------  ----  --------
  SFR                   00000000   00000010  00000000  00000010  RWIX
  PERIPHERALS_8BIT      00000010   000000f0  00000000  000000f0  RWIX
  PERIPHERALS_16BIT     00000100   00000100  00000000  00000100  RWIX
  RAM                   00000200   00000200  00000134  000000cc  RWIX
  INFOD                 00001000   00000040  00000000  00000040  RWIX
  INFOC                 00001040   00000040  00000000  00000040  RWIX
  INFOB                 00001080   00000040  00000000  00000040  RWIX
  INFOA                 000010c0   00000040  00000000  00000040  RWIX
  FLASH                 0000c000   00003fde  00000f20  000030be  RWIX
  BSLSIGNATURE          0000ffde   00000002  00000002  00000000  RWIX  ffff 
  INT00                 0000ffe0   00000002  00000002  00000000  RWIX
  INT01                 0000ffe2   00000002  00000000  00000002  RWIX
  INT02                 0000ffe4   00000002  00000002  00000000  RWIX
  INT03                 0000ffe6   00000002  00000002  00000000  RWIX
  INT04                 0000ffe8   00000002  00000000  00000002  RWIX
  INT05                 0000ffea   00000002  00000002  00000000  RWIX
  INT06                 0000ffec   00000002  00000002  00000000  RWIX
  INT07                 0000ffee   00000002  00000002  00000000  RWIX
  INT08                 0000fff0   00000002  00000002  00000000  RWIX
  INT09                 0000fff2   00000002  00000002  00000000  RWIX
  INT10                 0000fff4   00000002  00000002  00000000  RWIX
  INT11                 0000fff6   00000002  00000002  00000000  RWIX
  INT12                 0000fff8   00000002  00000002  00000000  RWIX
  INT13                 0000fffa   00000002  00000002  00000000  RWIX
  INT14                 0000fffc   00000002  00000002  00000000  RWIX
  RESET                 0000fffe   00000002  00000002  00000000  RWIX


SECTION ALLOCATION MAP

 output                                  attributes/
section   page    origin      length       input sections
--------  ----  ----------  ----------   ----------------
.bss       0    00000200    000000c3     UNINITIALIZED
                  00000200    00000040     (.common:RxPacket)
                  00000240    00000040     (.common:TxPacket)
                  00000280    00000020     (.common:uart_rcv_buf)
                  000002a0    00000008     ADCMGR.obj (.bss:buf)
                  000002a8    00000008     (.common:time)
                  000002b0    00000006     ADCMGR.obj (.bss:cmdQueue)
                  000002b6    00000004     ADCMGR.obj (.bss:cmdData)
                  000002ba    00000004     application.obj (.bss:parsed)
                  000002be    00000001     application.obj (.bss)
                  000002bf    00000001     (.common:cntr)
                  000002c0    00000001     (.common:dummy)
                  000002c1    00000001     (.common:error)
                  000002c2    00000001     (.common:uart_buf_size)

.data      0    000002c4    00000021     UNINITIALIZED
                  000002c4    0000000c     application.obj (.data)
                  000002d0    0000000a     ADCMGR.obj (.data)
                  000002da    00000008     wdt.obj (.data)
                  000002e2    00000002     ADC.obj (.data)
                  000002e4    00000001     radio.obj (.data)

.stack     0    000003b0    00000050     UNINITIALIZED
                  000003b0    00000002     rts430_eabi.lib : boot.obj (.stack)
                  000003b2    0000004e     --HOLE--

.text      0    0000c000    00000e8c     
                  0000c000    000002ca     application.obj (.text:APP_cyclic)
                  0000c2ca    0000022e     radio.obj (.text:Radio_Init)
                  0000c4f8    000000aa     ADCMGR.obj (.text:ADCMGR_cyclic)
                  0000c5a2    000000a8     radio.obj (.text:Radio_Rx)
                  0000c64a    00000096     radio.obj (.text:Radio_Tx)
                  0000c6e0    0000007a     radio.obj (.text:Radio_Set_Channel)
                  0000c75a    0000006e     rts430_eabi.lib : autoinit.obj (.text:_auto_init)
                  0000c7c8    00000064                     : copy_decompress_rle.obj (.text:__TI_decompress_rle_core)
                  0000c82c    00000060     system.obj (.text:System_Set_Speed)
                  0000c88c    0000005a     rts430_eabi.lib : cpy_tbl.obj (.text:copy_in)
                  0000c8e6    00000056     spi.obj (.text:SPI_Init)
                  0000c93c    0000004c     rts430_eabi.lib : lsr16.obj (.text)
                  0000c988    0000004a     ADCMGR.obj (.text:ADCMGR_addCmdToQueue)
                  0000c9d2    0000004a     radio.obj (.text:Radio_Get_RSSI)
                  0000ca1c    00000044     system.obj (.text:System_Init)
                  0000ca60    0000003a     radio.obj (.text:Radio_Set_Mode)
                  0000ca9a    00000036     ADC.obj (.text:ADC_configureADC)
                  0000cad0    00000036     radio.obj (.text:_Add_Address_To_Packet)
                  0000cb06    0000002e     wdt.obj (.text:watchdog_timer)
                  0000cb34    0000002a     ADCMGR.obj (.text:readCmdFromQueue)
                  0000cb5e    00000028     main.obj (.text:main)
                  0000cb86    00000026     rts430_eabi.lib : mult32.obj (.text)
                  0000cbac    00000024     ADC.obj (.text:ADC_measure)
                  0000cbd0    00000022     spi.obj (.text:SPI_Conf_Read_Register)
                  0000cbf2    00000022     uart.obj (.text:UART_Init)
                  0000cc14    00000020     system.obj (.text:Port_2)
                  0000cc34    00000020     uart.obj (.text:USCI0RX_ISR)
                  0000cc54    0000001e     clock.obj (.text:CLK_initClk)
                  0000cc72    0000001e     spi.obj (.text:SPI_Conf_Write_Register)
                  0000cc90    0000001e     ADCMGR.obj (.text:initCmdQueue)
                  0000ccae    0000001c     ADCMGR.obj (.text:ADCMGR_init)
                  0000ccca    0000001a     spi.obj (.text:SPI_Data_Write)
                  0000cce4    0000001a     spi.obj (.text:Spi_Send)
                  0000ccfe    0000001a     wdt.obj (.text:WDT_setWatchdog)
                  0000cd18    0000001a     rts430_eabi.lib : boot_special.obj (.text:_c_int00_noargs_noexit)
                  0000cd32    00000018     ADC.obj (.text:startConversion)
                  0000cd4a    00000016     timer.obj (.text:timer_init)
                  0000cd60    00000014     uart.obj (.text:UART_Send_Byte)
                  0000cd74    00000014     rts430_eabi.lib : mult16.obj (.text)
                  0000cd88    00000012     radio.obj (.text:Radio_Set_TxPower)
                  0000cd9a    00000012     timer.obj (.text:Timer_A)
                  0000cdac    00000012     uart.obj (.text:UART_Send_Data)
                  0000cdbe    00000012     rts430_eabi.lib : copy_decompress_none.obj (.text:decompress:none:__TI_decompress_none)
                  0000cdd0    00000012                     : memcpy.obj (.text:memcpy)
                  0000cde2    00000010     spi.obj (.text:SPI_Data_Read)
                  0000cdf2    00000010     rts430_eabi.lib : epilog.obj (.text)
                  0000ce02    0000000e     wdt.obj (.text:WDT_configure)
                  0000ce10    0000000c     ADC.obj (.text:checkIfADCBusy)
                  0000ce1c    0000000c     ADC.obj (.text:getConversionResult)
                  0000ce28    0000000c     ADC.obj (.text:stopConversion)
                  0000ce34    0000000a     ADCMGR.obj (.text:ADCMGR_getBattery)
                  0000ce3e    0000000a     ADCMGR.obj (.text:ADCMGR_getHum)
                  0000ce48    0000000a     ADCMGR.obj (.text:ADCMGR_getTemp)
                  0000ce52    0000000a     gpio.obj (.text:GPIO_setup)
                  0000ce5c    0000000a     misc.obj (.text:MISC_checkIsBitSet)
                  0000ce66    00000008     rts430_eabi.lib : isr_trap.obj (.text:_isr:__TI_ISR_TRAP)
                  0000ce6e    00000006     ADCMGR.obj (.text:ADCMGR_getCmdQueue)
                  0000ce74    00000006     radio.obj (.text:Radio_Calculate_RSSI)
                  0000ce7a    00000006     rts430_eabi.lib : exit.obj (.text:abort)
                  0000ce80    00000006                     : copy_decompress_rle.obj (.text:decompress:rle24:__TI_decompress_rle24)
                  0000ce86    00000004                     : pre_init.obj (.text:_system_pre_init)
                  0000ce8a    00000002                     : startup.obj (.text:_system_post_cinit)

.binit     0    0000c000    00000000     

.const     0    0000ce8c    0000006e     
                  0000ce8c    0000001c     application.obj (.const:.string)
                  0000cea8    00000015     radio.obj (.const:.string:P_VALUE_CH_)
                  0000cebd    00000001     --HOLE-- [fill = 0]
                  0000cebe    00000015     radio.obj (.const:.string:R_VALUE_CH_)
                  0000ced3    00000001     --HOLE-- [fill = 0]
                  0000ced4    00000015     radio.obj (.const:.string:S_VALUE_CH_)
                  0000cee9    00000001     --HOLE-- [fill = 0]
                  0000ceea    00000010     ADCMGR.obj (.const:priv_commands)

.cinit     0    0000cefa    00000026     
                  0000cefa    00000010     (.cinit..data.load) [load image, compression = rle]
                  0000cf0a    00000009     (.cinit..bss.load) [load image, compression = rle]
                  0000cf13    00000001     --HOLE-- [fill = 0]
                  0000cf14    00000004     (__TI_handler_table)
                  0000cf18    00000008     (__TI_cinit_table)

.init_array 
*          0    0000c000    00000000     UNINITIALIZED

TRAPINT    0    0000ffe0    00000002     
                  0000ffe0    00000002     rts430_eabi.lib : int00.obj (.int00)

PORT1      0    0000ffe4    00000002     
                  0000ffe4    00000002     rts430_eabi.lib : int02.obj (.int02)

PORT2      0    0000ffe6    00000002     
                  0000ffe6    00000002     system.obj (.int03)

$fill000   0    0000ffde    00000002     
                  0000ffde    00000002     --HOLE-- [fill = ffff]

ADC10      0    0000ffea    00000002     
                  0000ffea    00000002     rts430_eabi.lib : int05.obj (.int05)

USCIAB0TX 
*          0    0000ffec    00000002     
                  0000ffec    00000002     rts430_eabi.lib : int06.obj (.int06)

USCIAB0RX 
*          0    0000ffee    00000002     
                  0000ffee    00000002     uart.obj (.int07)

TIMER0_A1 
*          0    0000fff0    00000002     
                  0000fff0    00000002     rts430_eabi.lib : int08.obj (.int08)

TIMER0_A0 
*          0    0000fff2    00000002     
                  0000fff2    00000002     timer.obj (.int09)

WDT        0    0000fff4    00000002     
                  0000fff4    00000002     wdt.obj (.int10)

COMPARATORA 
*          0    0000fff6    00000002     
                  0000fff6    00000002     rts430_eabi.lib : int11.obj (.int11)

TIMER1_A1 
*          0    0000fff8    00000002     
                  0000fff8    00000002     rts430_eabi.lib : int12.obj (.int12)

TIMER1_A0 
*          0    0000fffa    00000002     
                  0000fffa    00000002     rts430_eabi.lib : int13.obj (.int13)

NMI        0    0000fffc    00000002     
                  0000fffc    00000002     rts430_eabi.lib : int14.obj (.int14)

.reset     0    0000fffe    00000002     
                  0000fffe    00000002     rts430_eabi.lib : boot.obj (.reset)

MODULE SUMMARY

       Module                     code   ro data   rw data
       ------                     ----   -------   -------
    .\
       main.obj                   40     0         2      
    +--+--------------------------+------+---------+---------+
       Total:                     40     0         2      
                                                          
    .\HW\
       ADCMGR.obj                 380    16        28     
    +--+--------------------------+------+---------+---------+
       Total:                     380    16        28     
                                                          
    .\HW\LNK\Drivers\
       system.obj                 196    2         128    
       gpio.obj                   10     0         0      
    +--+--------------------------+------+---------+---------+
       Total:                     206    2         128    
                                                          
    .\HW\LNK\Drivers\Communication\
       spi.obj                    218    0         1      
       uart.obj                   104    2         33     
    +--+--------------------------+------+---------+---------+
       Total:                     322    2         34     
                                                          
    .\HW\LNK\LNK\
       radio.obj                  1208   63        1      
    +--+--------------------------+------+---------+---------+
       Total:                     1208   63        1      
                                                          
    .\LOGIC\
       application.obj            714    28        17     
    +--+--------------------------+------+---------+---------+
       Total:                     714    28        17     
                                                          
    .\MCU\
       ADC.obj                    150    0         2      
       wdt.obj                    86     2         8      
       timer.obj                  40     2         8      
       clock.obj                  30     0         0      
       misc.obj                   10     0         0      
    +--+--------------------------+------+---------+---------+
       Total:                     316    4         18     
                                                          
    C:\ti\ccsv6\tools\compiler\msp430_15.12.3.LTS\lib\rts430_eabi.lib
       autoinit.obj               110    0         0      
       copy_decompress_rle.obj    106    0         0      
       cpy_tbl.obj                90     0         0      
       lsr16.obj                  76     0         0      
       mult32.obj                 38     0         0      
       boot_special.obj           26     0         0      
       mult16.obj                 20     0         0      
       copy_decompress_none.obj   18     0         0      
       memcpy.obj                 18     0         0      
       epilog.obj                 16     0         0      
       isr_trap.obj               8      0         0      
       exit.obj                   6      0         0      
       pre_init.obj               4      0         0      
       boot.obj                   0      2         0      
       int00.obj                  0      2         0      
       int02.obj                  0      2         0      
       int05.obj                  0      2         0      
       int06.obj                  0      2         0      
       int08.obj                  0      2         0      
       int11.obj                  0      2         0      
       int12.obj                  0      2         0      
       int13.obj                  0      2         0      
       int14.obj                  0      2         0      
       startup.obj                2      0         0      
    +--+--------------------------+------+---------+---------+
       Total:                     538    20        0      
                                                          
       Stack:                     0      0         80     
       Linker Generated:          0      37        0      
    +--+--------------------------+------+---------+---------+
       Grand Total:               3724   172       308    


LINKER GENERATED COPY TABLES

__TI_cinit_table @ 0000cf18 records: 2, size/record: 4, table size: 8
	.data: load addr=0000cefa, load size=00000010 bytes, run addr=000002c4, run size=00000021 bytes, compression=rle
	.bss: load addr=0000cf0a, load size=00000009 bytes, run addr=00000200, run size=000000c3 bytes, compression=rle


LINKER GENERATED HANDLER TABLE

__TI_handler_table @ 0000cf14 records: 2, size/record: 2, table size: 4
	index: 0, handler: __TI_decompress_rle24
	index: 1, handler: __TI_decompress_none


GLOBAL SYMBOLS: SORTED ALPHABETICALLY BY Name 

address   name                    
-------   ----                    
0000004a  ADC10AE0                
000001b0  ADC10CTL0               
000001b2  ADC10CTL1               
00000048  ADC10DTC0               
00000049  ADC10DTC1               
000001b4  ADC10MEM                
000001bc  ADC10SA                 
0000c988  ADCMGR_addCmdToQueue    
0000c4f8  ADCMGR_cyclic           
0000ce34  ADCMGR_getBattery       
0000ce6e  ADCMGR_getCmdQueue      
0000ce3e  ADCMGR_getHum           
0000ce48  ADCMGR_getTemp          
0000ccae  ADCMGR_init             
0000ca9a  ADC_configureADC        
0000cbac  ADC_measure             
0000c000  APP_cyclic              
00000057  BCSCTL1                 
00000058  BCSCTL2                 
00000053  BCSCTL3                 
0000ce7a  C$$EXIT                 
00000059  CACTL1                  
0000005a  CACTL2                  
000010fb  CALBC1_12MHZ            
000010f9  CALBC1_16MHZ            
000010ff  CALBC1_1MHZ             
000010fd  CALBC1_8MHZ             
000010fa  CALDCO_12MHZ            
000010f8  CALDCO_16MHZ            
000010fe  CALDCO_1MHZ             
000010fc  CALDCO_8MHZ             
0000005b  CAPD                    
0000cc54  CLK_initClk             
00000056  DCOCTL                  
00000128  FCTL1                   
0000012a  FCTL2                   
0000012c  FCTL3                   
0000ce52  GPIO_setup              
00000000  IE1                     
00000001  IE2                     
00000002  IFG1                    
00000003  IFG2                    
0000ce5c  MISC_checkIsBitSet      
00000022  P1DIR                   
00000025  P1IE                    
00000024  P1IES                   
00000023  P1IFG                   
00000020  P1IN                    
00000021  P1OUT                   
00000027  P1REN                   
00000026  P1SEL                   
00000041  P1SEL2                  
0000002a  P2DIR                   
0000002d  P2IE                    
0000002c  P2IES                   
0000002b  P2IFG                   
00000028  P2IN                    
00000029  P2OUT                   
0000002f  P2REN                   
0000002e  P2SEL                   
00000042  P2SEL2                  
0000001a  P3DIR                   
00000018  P3IN                    
00000019  P3OUT                   
00000010  P3REN                   
0000001b  P3SEL                   
00000043  P3SEL2                  
0000cea8  P_VALUE_CH_             
0000cc14  Port_2                  
0000cebe  R_VALUE_CH_             
0000ce74  Radio_Calculate_RSSI    
0000c9d2  Radio_Get_RSSI          
0000c2ca  Radio_Init              
0000c5a2  Radio_Rx                
0000c6e0  Radio_Set_Channel       
0000ca60  Radio_Set_Mode          
0000cd88  Radio_Set_TxPower       
0000c64a  Radio_Tx                
00000200  RxPacket                
0000cbd0  SPI_Conf_Read_Register  
0000cc72  SPI_Conf_Write_Register 
0000cde2  SPI_Data_Read           
0000ccca  SPI_Data_Write          
0000c8e6  SPI_Init                
0000ced4  S_VALUE_CH_             
0000cce4  Spi_Send                
0000ca1c  System_Init             
0000c82c  System_Set_Speed        
00000172  TA0CCR0                 
00000174  TA0CCR1                 
00000176  TA0CCR2                 
00000162  TA0CCTL0                
00000164  TA0CCTL1                
00000166  TA0CCTL2                
00000160  TA0CTL                  
0000012e  TA0IV                   
00000170  TA0R                    
00000192  TA1CCR0                 
00000194  TA1CCR1                 
00000196  TA1CCR2                 
00000182  TA1CCTL0                
00000184  TA1CCTL1                
00000186  TA1CCTL2                
00000180  TA1CTL                  
0000011e  TA1IV                   
00000190  TA1R                    
000010db  TLV_ADC10_1_LEN         
000010da  TLV_ADC10_1_TAG         
000010c0  TLV_CHECKSUM            
000010f7  TLV_DCO_30_LEN          
000010f6  TLV_DCO_30_TAG          
0000cd9a  Timer_A                 
00000240  TxPacket                
0000cbf2  UART_Init               
0000cd60  UART_Send_Byte          
0000cdac  UART_Send_Data          
0000005d  UCA0ABCTL               
00000062  UCA0BR0                 
00000063  UCA0BR1                 
00000060  UCA0CTL0                
00000061  UCA0CTL1                
0000005f  UCA0IRRCTL              
0000005e  UCA0IRTCTL              
00000064  UCA0MCTL                
00000066  UCA0RXBUF               
00000065  UCA0STAT                
00000067  UCA0TXBUF               
0000006a  UCB0BR0                 
0000006b  UCB0BR1                 
00000068  UCB0CTL0                
00000069  UCB0CTL1                
0000006c  UCB0I2CIE               
00000118  UCB0I2COA               
0000011a  UCB0I2CSA               
0000006e  UCB0RXBUF               
0000006d  UCB0STAT                
0000006f  UCB0TXBUF               
0000cc34  USCI0RX_ISR             
00000120  WDTCTL                  
0000ce02  WDT_configure           
0000ccfe  WDT_setWatchdog         
0000cad0  _Add_Address_To_Packet  
00000400  __STACK_END             
00000050  __STACK_SIZE            
UNDEFED   __TI_BINIT_Base         
UNDEFED   __TI_BINIT_Limit        
0000cf18  __TI_CINIT_Base         
0000cf20  __TI_CINIT_Limit        
0000cf14  __TI_Handler_Table_Base 
0000cf18  __TI_Handler_Table_Limit
UNDEFED   __TI_INITARRAY_Base     
UNDEFED   __TI_INITARRAY_Limit    
0000ce66  __TI_ISR_TRAP           
0000cdbe  __TI_decompress_none    
0000ce80  __TI_decompress_rle24   
0000ffe0  __TI_int00              
0000ffe4  __TI_int02              
0000ffe6  __TI_int03              
0000ffea  __TI_int05              
0000ffec  __TI_int06              
0000ffee  __TI_int07              
0000fff0  __TI_int08              
0000fff2  __TI_int09              
0000fff4  __TI_int10              
0000fff6  __TI_int11              
0000fff8  __TI_int12              
0000fffa  __TI_int13              
0000fffc  __TI_int14              
ffffffff  __TI_pprof_out_hndl     
ffffffff  __TI_prof_data_size     
ffffffff  __TI_prof_data_start    
ffffffff  __c_args__              
0000cdfe  __mspabi_func_epilog_1  
0000cdfc  __mspabi_func_epilog_2  
0000cdfa  __mspabi_func_epilog_3  
0000cdf8  __mspabi_func_epilog_4  
0000cdf6  __mspabi_func_epilog_5  
0000cdf4  __mspabi_func_epilog_6  
0000cdf2  __mspabi_func_epilog_7  
0000cd74  __mspabi_mpyi           
0000cd74  __mspabi_mpyi_sw        
0000cb86  __mspabi_mpyl           
0000cb86  __mspabi_mpyl_sw        
0000c93c  __mspabi_srli           
0000c982  __mspabi_srli_1         
0000c95e  __mspabi_srli_10        
0000c95a  __mspabi_srli_11        
0000c956  __mspabi_srli_12        
0000c952  __mspabi_srli_13        
0000c94e  __mspabi_srli_14        
0000c94a  __mspabi_srli_15        
0000c97e  __mspabi_srli_2         
0000c97a  __mspabi_srli_3         
0000c976  __mspabi_srli_4         
0000c972  __mspabi_srli_5         
0000c96e  __mspabi_srli_6         
0000c96a  __mspabi_srli_7         
0000c966  __mspabi_srli_8         
0000c962  __mspabi_srli_9         
0000c75a  _auto_init              
0000cd18  _c_int00_noargs_noexit  
0000fffe  _reset_vector           
000003b0  _stack                  
0000ce8a  _system_post_cinit      
0000ce86  _system_pre_init        
0000ce7a  abort                   
0000ce10  checkIfADCBusy          
000002bf  cntr                    
0000c88c  copy_in                 
000002c0  dummy                   
000002c1  error                   
0000cc90  initCmdQueue            
0000cb5e  main                    
0000cdd0  memcpy                  
0000ceea  priv_commands           
0000cb34  readCmdFromQueue        
0000cd32  startConversion         
000002a8  time                    
0000cd4a  timer_init              
000002c2  uart_buf_size           
00000280  uart_rcv_buf            
000002e4  vcotune                 
0000cb06  watchdog_timer          
000002da  wdtCounter              
000002de  wdtCurrentPeriod        


GLOBAL SYMBOLS: SORTED BY Symbol Address 

address   name                    
-------   ----                    
00000000  IE1                     
00000001  IE2                     
00000002  IFG1                    
00000003  IFG2                    
00000010  P3REN                   
00000018  P3IN                    
00000019  P3OUT                   
0000001a  P3DIR                   
0000001b  P3SEL                   
00000020  P1IN                    
00000021  P1OUT                   
00000022  P1DIR                   
00000023  P1IFG                   
00000024  P1IES                   
00000025  P1IE                    
00000026  P1SEL                   
00000027  P1REN                   
00000028  P2IN                    
00000029  P2OUT                   
0000002a  P2DIR                   
0000002b  P2IFG                   
0000002c  P2IES                   
0000002d  P2IE                    
0000002e  P2SEL                   
0000002f  P2REN                   
00000041  P1SEL2                  
00000042  P2SEL2                  
00000043  P3SEL2                  
00000048  ADC10DTC0               
00000049  ADC10DTC1               
0000004a  ADC10AE0                
00000050  __STACK_SIZE            
00000053  BCSCTL3                 
00000056  DCOCTL                  
00000057  BCSCTL1                 
00000058  BCSCTL2                 
00000059  CACTL1                  
0000005a  CACTL2                  
0000005b  CAPD                    
0000005d  UCA0ABCTL               
0000005e  UCA0IRTCTL              
0000005f  UCA0IRRCTL              
00000060  UCA0CTL0                
00000061  UCA0CTL1                
00000062  UCA0BR0                 
00000063  UCA0BR1                 
00000064  UCA0MCTL                
00000065  UCA0STAT                
00000066  UCA0RXBUF               
00000067  UCA0TXBUF               
00000068  UCB0CTL0                
00000069  UCB0CTL1                
0000006a  UCB0BR0                 
0000006b  UCB0BR1                 
0000006c  UCB0I2CIE               
0000006d  UCB0STAT                
0000006e  UCB0RXBUF               
0000006f  UCB0TXBUF               
00000118  UCB0I2COA               
0000011a  UCB0I2CSA               
0000011e  TA1IV                   
00000120  WDTCTL                  
00000128  FCTL1                   
0000012a  FCTL2                   
0000012c  FCTL3                   
0000012e  TA0IV                   
00000160  TA0CTL                  
00000162  TA0CCTL0                
00000164  TA0CCTL1                
00000166  TA0CCTL2                
00000170  TA0R                    
00000172  TA0CCR0                 
00000174  TA0CCR1                 
00000176  TA0CCR2                 
00000180  TA1CTL                  
00000182  TA1CCTL0                
00000184  TA1CCTL1                
00000186  TA1CCTL2                
00000190  TA1R                    
00000192  TA1CCR0                 
00000194  TA1CCR1                 
00000196  TA1CCR2                 
000001b0  ADC10CTL0               
000001b2  ADC10CTL1               
000001b4  ADC10MEM                
000001bc  ADC10SA                 
00000200  RxPacket                
00000240  TxPacket                
00000280  uart_rcv_buf            
000002a8  time                    
000002bf  cntr                    
000002c0  dummy                   
000002c1  error                   
000002c2  uart_buf_size           
000002da  wdtCounter              
000002de  wdtCurrentPeriod        
000002e4  vcotune                 
000003b0  _stack                  
00000400  __STACK_END             
000010c0  TLV_CHECKSUM            
000010da  TLV_ADC10_1_TAG         
000010db  TLV_ADC10_1_LEN         
000010f6  TLV_DCO_30_TAG          
000010f7  TLV_DCO_30_LEN          
000010f8  CALDCO_16MHZ            
000010f9  CALBC1_16MHZ            
000010fa  CALDCO_12MHZ            
000010fb  CALBC1_12MHZ            
000010fc  CALDCO_8MHZ             
000010fd  CALBC1_8MHZ             
000010fe  CALDCO_1MHZ             
000010ff  CALBC1_1MHZ             
0000c000  APP_cyclic              
0000c2ca  Radio_Init              
0000c4f8  ADCMGR_cyclic           
0000c5a2  Radio_Rx                
0000c64a  Radio_Tx                
0000c6e0  Radio_Set_Channel       
0000c75a  _auto_init              
0000c82c  System_Set_Speed        
0000c88c  copy_in                 
0000c8e6  SPI_Init                
0000c93c  __mspabi_srli           
0000c94a  __mspabi_srli_15        
0000c94e  __mspabi_srli_14        
0000c952  __mspabi_srli_13        
0000c956  __mspabi_srli_12        
0000c95a  __mspabi_srli_11        
0000c95e  __mspabi_srli_10        
0000c962  __mspabi_srli_9         
0000c966  __mspabi_srli_8         
0000c96a  __mspabi_srli_7         
0000c96e  __mspabi_srli_6         
0000c972  __mspabi_srli_5         
0000c976  __mspabi_srli_4         
0000c97a  __mspabi_srli_3         
0000c97e  __mspabi_srli_2         
0000c982  __mspabi_srli_1         
0000c988  ADCMGR_addCmdToQueue    
0000c9d2  Radio_Get_RSSI          
0000ca1c  System_Init             
0000ca60  Radio_Set_Mode          
0000ca9a  ADC_configureADC        
0000cad0  _Add_Address_To_Packet  
0000cb06  watchdog_timer          
0000cb34  readCmdFromQueue        
0000cb5e  main                    
0000cb86  __mspabi_mpyl           
0000cb86  __mspabi_mpyl_sw        
0000cbac  ADC_measure             
0000cbd0  SPI_Conf_Read_Register  
0000cbf2  UART_Init               
0000cc14  Port_2                  
0000cc34  USCI0RX_ISR             
0000cc54  CLK_initClk             
0000cc72  SPI_Conf_Write_Register 
0000cc90  initCmdQueue            
0000ccae  ADCMGR_init             
0000ccca  SPI_Data_Write          
0000cce4  Spi_Send                
0000ccfe  WDT_setWatchdog         
0000cd18  _c_int00_noargs_noexit  
0000cd32  startConversion         
0000cd4a  timer_init              
0000cd60  UART_Send_Byte          
0000cd74  __mspabi_mpyi           
0000cd74  __mspabi_mpyi_sw        
0000cd88  Radio_Set_TxPower       
0000cd9a  Timer_A                 
0000cdac  UART_Send_Data          
0000cdbe  __TI_decompress_none    
0000cdd0  memcpy                  
0000cde2  SPI_Data_Read           
0000cdf2  __mspabi_func_epilog_7  
0000cdf4  __mspabi_func_epilog_6  
0000cdf6  __mspabi_func_epilog_5  
0000cdf8  __mspabi_func_epilog_4  
0000cdfa  __mspabi_func_epilog_3  
0000cdfc  __mspabi_func_epilog_2  
0000cdfe  __mspabi_func_epilog_1  
0000ce02  WDT_configure           
0000ce10  checkIfADCBusy          
0000ce34  ADCMGR_getBattery       
0000ce3e  ADCMGR_getHum           
0000ce48  ADCMGR_getTemp          
0000ce52  GPIO_setup              
0000ce5c  MISC_checkIsBitSet      
0000ce66  __TI_ISR_TRAP           
0000ce6e  ADCMGR_getCmdQueue      
0000ce74  Radio_Calculate_RSSI    
0000ce7a  C$$EXIT                 
0000ce7a  abort                   
0000ce80  __TI_decompress_rle24   
0000ce86  _system_pre_init        
0000ce8a  _system_post_cinit      
0000cea8  P_VALUE_CH_             
0000cebe  R_VALUE_CH_             
0000ced4  S_VALUE_CH_             
0000ceea  priv_commands           
0000cf14  __TI_Handler_Table_Base 
0000cf18  __TI_CINIT_Base         
0000cf18  __TI_Handler_Table_Limit
0000cf20  __TI_CINIT_Limit        
0000ffe0  __TI_int00              
0000ffe4  __TI_int02              
0000ffe6  __TI_int03              
0000ffea  __TI_int05              
0000ffec  __TI_int06              
0000ffee  __TI_int07              
0000fff0  __TI_int08              
0000fff2  __TI_int09              
0000fff4  __TI_int10              
0000fff6  __TI_int11              
0000fff8  __TI_int12              
0000fffa  __TI_int13              
0000fffc  __TI_int14              
0000fffe  _reset_vector           
ffffffff  __TI_pprof_out_hndl     
ffffffff  __TI_prof_data_size     
ffffffff  __TI_prof_data_start    
ffffffff  __c_args__              
UNDEFED   __TI_BINIT_Base         
UNDEFED   __TI_BINIT_Limit        
UNDEFED   __TI_INITARRAY_Base     
UNDEFED   __TI_INITARRAY_Limit    

[225 symbols]
